###############################################################################
#
# IAR ELF Linker V8.32.1.169/W32 for ARM                  18/Aug/2020  12:00:09
# Copyright 2007-2018 IAR Systems AB.
#
#    Output file  =  
#        C:\Users\a1876\Desktop\RT1064_TEN_DAYS\Project\IAR\program\nor_sdram_zf_dtcm\Exe\RT106X.out
#    Map file     =  
#        C:\Users\a1876\Desktop\RT1064_TEN_DAYS\Project\IAR\program\nor_sdram_zf_dtcm\List\RT106X.map
#    Command line =  
#        -f C:\Users\a1876\AppData\Local\Temp\EW6D27.tmp
#        (C:\Users\a1876\Desktop\RT1064_TEN_DAYS\Project\IAR\program\nor_sdram_zf_dtcm\Obj\ADCSAMPLE.o
#        C:\Users\a1876\Desktop\RT1064_TEN_DAYS\Project\IAR\program\nor_sdram_zf_dtcm\Obj\ALLINIT.o
#        C:\Users\a1876\Desktop\RT1064_TEN_DAYS\Project\IAR\program\nor_sdram_zf_dtcm\Obj\board.o
#        C:\Users\a1876\Desktop\RT1064_TEN_DAYS\Project\IAR\program\nor_sdram_zf_dtcm\Obj\clock_config.o
#        C:\Users\a1876\Desktop\RT1064_TEN_DAYS\Project\IAR\program\nor_sdram_zf_dtcm\Obj\common.o
#        C:\Users\a1876\Desktop\RT1064_TEN_DAYS\Project\IAR\program\nor_sdram_zf_dtcm\Obj\DIRCIRCLE.o
#        C:\Users\a1876\Desktop\RT1064_TEN_DAYS\Project\IAR\program\nor_sdram_zf_dtcm\Obj\diskio.o
#        C:\Users\a1876\Desktop\RT1064_TEN_DAYS\Project\IAR\program\nor_sdram_zf_dtcm\Obj\evkmimxrt1064_flexspi_nor_config.o
#        C:\Users\a1876\Desktop\RT1064_TEN_DAYS\Project\IAR\program\nor_sdram_zf_dtcm\Obj\evkmimxrt1064_sdram_ini_dcd.o
#        C:\Users\a1876\Desktop\RT1064_TEN_DAYS\Project\IAR\program\nor_sdram_zf_dtcm\Obj\ff.o
#        C:\Users\a1876\Desktop\RT1064_TEN_DAYS\Project\IAR\program\nor_sdram_zf_dtcm\Obj\ffsystem.o
#        C:\Users\a1876\Desktop\RT1064_TEN_DAYS\Project\IAR\program\nor_sdram_zf_dtcm\Obj\ffunicode.o
#        C:\Users\a1876\Desktop\RT1064_TEN_DAYS\Project\IAR\program\nor_sdram_zf_dtcm\Obj\fsl_adc.o
#        C:\Users\a1876\Desktop\RT1064_TEN_DAYS\Project\IAR\program\nor_sdram_zf_dtcm\Obj\fsl_adc_etc.o
#        C:\Users\a1876\Desktop\RT1064_TEN_DAYS\Project\IAR\program\nor_sdram_zf_dtcm\Obj\fsl_aipstz.o
#        C:\Users\a1876\Desktop\RT1064_TEN_DAYS\Project\IAR\program\nor_sdram_zf_dtcm\Obj\fsl_aoi.o
#        C:\Users\a1876\Desktop\RT1064_TEN_DAYS\Project\IAR\program\nor_sdram_zf_dtcm\Obj\fsl_assert.o
#        C:\Users\a1876\Desktop\RT1064_TEN_DAYS\Project\IAR\program\nor_sdram_zf_dtcm\Obj\fsl_bee.o
#        C:\Users\a1876\Desktop\RT1064_TEN_DAYS\Project\IAR\program\nor_sdram_zf_dtcm\Obj\fsl_cache.o
#        C:\Users\a1876\Desktop\RT1064_TEN_DAYS\Project\IAR\program\nor_sdram_zf_dtcm\Obj\fsl_clock.o
#        C:\Users\a1876\Desktop\RT1064_TEN_DAYS\Project\IAR\program\nor_sdram_zf_dtcm\Obj\fsl_cmp.o
#        C:\Users\a1876\Desktop\RT1064_TEN_DAYS\Project\IAR\program\nor_sdram_zf_dtcm\Obj\fsl_common.o
#        C:\Users\a1876\Desktop\RT1064_TEN_DAYS\Project\IAR\program\nor_sdram_zf_dtcm\Obj\fsl_csi.o
#        C:\Users\a1876\Desktop\RT1064_TEN_DAYS\Project\IAR\program\nor_sdram_zf_dtcm\Obj\fsl_dcdc.o
#        C:\Users\a1876\Desktop\RT1064_TEN_DAYS\Project\IAR\program\nor_sdram_zf_dtcm\Obj\fsl_dcp.o
#        C:\Users\a1876\Desktop\RT1064_TEN_DAYS\Project\IAR\program\nor_sdram_zf_dtcm\Obj\fsl_debug_console.o
#        C:\Users\a1876\Desktop\RT1064_TEN_DAYS\Project\IAR\program\nor_sdram_zf_dtcm\Obj\fsl_dmamux.o
#        C:\Users\a1876\Desktop\RT1064_TEN_DAYS\Project\IAR\program\nor_sdram_zf_dtcm\Obj\fsl_edma.o
#        C:\Users\a1876\Desktop\RT1064_TEN_DAYS\Project\IAR\program\nor_sdram_zf_dtcm\Obj\fsl_elcdif.o
#        C:\Users\a1876\Desktop\RT1064_TEN_DAYS\Project\IAR\program\nor_sdram_zf_dtcm\Obj\fsl_enc.o
#        C:\Users\a1876\Desktop\RT1064_TEN_DAYS\Project\IAR\program\nor_sdram_zf_dtcm\Obj\fsl_enet.o
#        C:\Users\a1876\Desktop\RT1064_TEN_DAYS\Project\IAR\program\nor_sdram_zf_dtcm\Obj\fsl_ewm.o
#        C:\Users\a1876\Desktop\RT1064_TEN_DAYS\Project\IAR\program\nor_sdram_zf_dtcm\Obj\fsl_flexcan.o
#        C:\Users\a1876\Desktop\RT1064_TEN_DAYS\Project\IAR\program\nor_sdram_zf_dtcm\Obj\fsl_flexio.o
#        C:\Users\a1876\Desktop\RT1064_TEN_DAYS\Project\IAR\program\nor_sdram_zf_dtcm\Obj\fsl_flexio_camera.o
#        C:\Users\a1876\Desktop\RT1064_TEN_DAYS\Project\IAR\program\nor_sdram_zf_dtcm\Obj\fsl_flexio_i2c_master.o
#        C:\Users\a1876\Desktop\RT1064_TEN_DAYS\Project\IAR\program\nor_sdram_zf_dtcm\Obj\fsl_flexio_i2s.o
#        C:\Users\a1876\Desktop\RT1064_TEN_DAYS\Project\IAR\program\nor_sdram_zf_dtcm\Obj\fsl_flexio_i2s_edma.o
#        C:\Users\a1876\Desktop\RT1064_TEN_DAYS\Project\IAR\program\nor_sdram_zf_dtcm\Obj\fsl_flexio_spi.o
#        C:\Users\a1876\Desktop\RT1064_TEN_DAYS\Project\IAR\program\nor_sdram_zf_dtcm\Obj\fsl_flexio_spi_edma.o
#        C:\Users\a1876\Desktop\RT1064_TEN_DAYS\Project\IAR\program\nor_sdram_zf_dtcm\Obj\fsl_flexio_uart.o
#        C:\Users\a1876\Desktop\RT1064_TEN_DAYS\Project\IAR\program\nor_sdram_zf_dtcm\Obj\fsl_flexio_uart_edma.o
#        C:\Users\a1876\Desktop\RT1064_TEN_DAYS\Project\IAR\program\nor_sdram_zf_dtcm\Obj\fsl_flexram.o
#        C:\Users\a1876\Desktop\RT1064_TEN_DAYS\Project\IAR\program\nor_sdram_zf_dtcm\Obj\fsl_flexspi.o
#        C:\Users\a1876\Desktop\RT1064_TEN_DAYS\Project\IAR\program\nor_sdram_zf_dtcm\Obj\fsl_flexspi_nor_boot.o
#        C:\Users\a1876\Desktop\RT1064_TEN_DAYS\Project\IAR\program\nor_sdram_zf_dtcm\Obj\fsl_gpc.o
#        C:\Users\a1876\Desktop\RT1064_TEN_DAYS\Project\IAR\program\nor_sdram_zf_dtcm\Obj\fsl_gpio.o
#        C:\Users\a1876\Desktop\RT1064_TEN_DAYS\Project\IAR\program\nor_sdram_zf_dtcm\Obj\fsl_gpt.o
#        C:\Users\a1876\Desktop\RT1064_TEN_DAYS\Project\IAR\program\nor_sdram_zf_dtcm\Obj\fsl_kpp.o
#        C:\Users\a1876\Desktop\RT1064_TEN_DAYS\Project\IAR\program\nor_sdram_zf_dtcm\Obj\fsl_lpi2c.o
#        C:\Users\a1876\Desktop\RT1064_TEN_DAYS\Project\IAR\program\nor_sdram_zf_dtcm\Obj\fsl_lpi2c_edma.o
#        C:\Users\a1876\Desktop\RT1064_TEN_DAYS\Project\IAR\program\nor_sdram_zf_dtcm\Obj\fsl_lpspi.o
#        C:\Users\a1876\Desktop\RT1064_TEN_DAYS\Project\IAR\program\nor_sdram_zf_dtcm\Obj\fsl_lpspi_edma.o
#        C:\Users\a1876\Desktop\RT1064_TEN_DAYS\Project\IAR\program\nor_sdram_zf_dtcm\Obj\fsl_lpuart.o
#        C:\Users\a1876\Desktop\RT1064_TEN_DAYS\Project\IAR\program\nor_sdram_zf_dtcm\Obj\fsl_lpuart_edma.o
#        C:\Users\a1876\Desktop\RT1064_TEN_DAYS\Project\IAR\program\nor_sdram_zf_dtcm\Obj\fsl_mmc.o
#        C:\Users\a1876\Desktop\RT1064_TEN_DAYS\Project\IAR\program\nor_sdram_zf_dtcm\Obj\fsl_notifier.o
#        C:\Users\a1876\Desktop\RT1064_TEN_DAYS\Project\IAR\program\nor_sdram_zf_dtcm\Obj\fsl_ocotp.o
#        C:\Users\a1876\Desktop\RT1064_TEN_DAYS\Project\IAR\program\nor_sdram_zf_dtcm\Obj\fsl_pit.o
#        C:\Users\a1876\Desktop\RT1064_TEN_DAYS\Project\IAR\program\nor_sdram_zf_dtcm\Obj\fsl_pmu.o
#        C:\Users\a1876\Desktop\RT1064_TEN_DAYS\Project\IAR\program\nor_sdram_zf_dtcm\Obj\fsl_pwm.o
#        C:\Users\a1876\Desktop\RT1064_TEN_DAYS\Project\IAR\program\nor_sdram_zf_dtcm\Obj\fsl_pxp.o
#        C:\Users\a1876\Desktop\RT1064_TEN_DAYS\Project\IAR\program\nor_sdram_zf_dtcm\Obj\fsl_qtmr.o
#        C:\Users\a1876\Desktop\RT1064_TEN_DAYS\Project\IAR\program\nor_sdram_zf_dtcm\Obj\fsl_rtwdog.o
#        C:\Users\a1876\Desktop\RT1064_TEN_DAYS\Project\IAR\program\nor_sdram_zf_dtcm\Obj\fsl_sai.o
#        C:\Users\a1876\Desktop\RT1064_TEN_DAYS\Project\IAR\program\nor_sdram_zf_dtcm\Obj\fsl_sai_edma.o
#        C:\Users\a1876\Desktop\RT1064_TEN_DAYS\Project\IAR\program\nor_sdram_zf_dtcm\Obj\fsl_sbrk.o
#        C:\Users\a1876\Desktop\RT1064_TEN_DAYS\Project\IAR\program\nor_sdram_zf_dtcm\Obj\fsl_sd.o
#        C:\Users\a1876\Desktop\RT1064_TEN_DAYS\Project\IAR\program\nor_sdram_zf_dtcm\Obj\fsl_sd_disk.o
#        C:\Users\a1876\Desktop\RT1064_TEN_DAYS\Project\IAR\program\nor_sdram_zf_dtcm\Obj\fsl_sdio.o
#        C:\Users\a1876\Desktop\RT1064_TEN_DAYS\Project\IAR\program\nor_sdram_zf_dtcm\Obj\fsl_sdmmc_common.o
#        C:\Users\a1876\Desktop\RT1064_TEN_DAYS\Project\IAR\program\nor_sdram_zf_dtcm\Obj\fsl_sdmmc_event.o
#        C:\Users\a1876\Desktop\RT1064_TEN_DAYS\Project\IAR\program\nor_sdram_zf_dtcm\Obj\fsl_sdmmc_host.o
#        C:\Users\a1876\Desktop\RT1064_TEN_DAYS\Project\IAR\program\nor_sdram_zf_dtcm\Obj\fsl_semc.o
#        C:\Users\a1876\Desktop\RT1064_TEN_DAYS\Project\IAR\program\nor_sdram_zf_dtcm\Obj\fsl_shell.o
#        C:\Users\a1876\Desktop\RT1064_TEN_DAYS\Project\IAR\program\nor_sdram_zf_dtcm\Obj\fsl_snvs_hp.o
#        C:\Users\a1876\Desktop\RT1064_TEN_DAYS\Project\IAR\program\nor_sdram_zf_dtcm\Obj\fsl_snvs_lp.o
#        C:\Users\a1876\Desktop\RT1064_TEN_DAYS\Project\IAR\program\nor_sdram_zf_dtcm\Obj\fsl_spdif.o
#        C:\Users\a1876\Desktop\RT1064_TEN_DAYS\Project\IAR\program\nor_sdram_zf_dtcm\Obj\fsl_spdif_edma.o
#        C:\Users\a1876\Desktop\RT1064_TEN_DAYS\Project\IAR\program\nor_sdram_zf_dtcm\Obj\fsl_src.o
#        C:\Users\a1876\Desktop\RT1064_TEN_DAYS\Project\IAR\program\nor_sdram_zf_dtcm\Obj\fsl_str.o
#        C:\Users\a1876\Desktop\RT1064_TEN_DAYS\Project\IAR\program\nor_sdram_zf_dtcm\Obj\fsl_tempmon.o
#        C:\Users\a1876\Desktop\RT1064_TEN_DAYS\Project\IAR\program\nor_sdram_zf_dtcm\Obj\fsl_trng.o
#        C:\Users\a1876\Desktop\RT1064_TEN_DAYS\Project\IAR\program\nor_sdram_zf_dtcm\Obj\fsl_tsc.o
#        C:\Users\a1876\Desktop\RT1064_TEN_DAYS\Project\IAR\program\nor_sdram_zf_dtcm\Obj\fsl_usdhc.o
#        C:\Users\a1876\Desktop\RT1064_TEN_DAYS\Project\IAR\program\nor_sdram_zf_dtcm\Obj\fsl_wdog.o
#        C:\Users\a1876\Desktop\RT1064_TEN_DAYS\Project\IAR\program\nor_sdram_zf_dtcm\Obj\fsl_xbara.o
#        C:\Users\a1876\Desktop\RT1064_TEN_DAYS\Project\IAR\program\nor_sdram_zf_dtcm\Obj\fsl_xbarb.o
#        C:\Users\a1876\Desktop\RT1064_TEN_DAYS\Project\IAR\program\nor_sdram_zf_dtcm\Obj\GARAGE.o
#        C:\Users\a1876\Desktop\RT1064_TEN_DAYS\Project\IAR\program\nor_sdram_zf_dtcm\Obj\generic_list.o
#        C:\Users\a1876\Desktop\RT1064_TEN_DAYS\Project\IAR\program\nor_sdram_zf_dtcm\Obj\isr.o
#        C:\Users\a1876\Desktop\RT1064_TEN_DAYS\Project\IAR\program\nor_sdram_zf_dtcm\Obj\lpuart_adapter.o
#        C:\Users\a1876\Desktop\RT1064_TEN_DAYS\Project\IAR\program\nor_sdram_zf_dtcm\Obj\main.o
#        C:\Users\a1876\Desktop\RT1064_TEN_DAYS\Project\IAR\program\nor_sdram_zf_dtcm\Obj\OLED.o
#        C:\Users\a1876\Desktop\RT1064_TEN_DAYS\Project\IAR\program\nor_sdram_zf_dtcm\Obj\pin_mux.o
#        C:\Users\a1876\Desktop\RT1064_TEN_DAYS\Project\IAR\program\nor_sdram_zf_dtcm\Obj\RING.o
#        C:\Users\a1876\Desktop\RT1064_TEN_DAYS\Project\IAR\program\nor_sdram_zf_dtcm\Obj\SCANCALCULATE.o
#        C:\Users\a1876\Desktop\RT1064_TEN_DAYS\Project\IAR\program\nor_sdram_zf_dtcm\Obj\SEEKFREE_18TFT.o
#        C:\Users\a1876\Desktop\RT1064_TEN_DAYS\Project\IAR\program\nor_sdram_zf_dtcm\Obj\SEEKFREE_FONT.o
#        C:\Users\a1876\Desktop\RT1064_TEN_DAYS\Project\IAR\program\nor_sdram_zf_dtcm\Obj\SEEKFREE_FUN.o
#        C:\Users\a1876\Desktop\RT1064_TEN_DAYS\Project\IAR\program\nor_sdram_zf_dtcm\Obj\SEEKFREE_ICM20602.o
#        C:\Users\a1876\Desktop\RT1064_TEN_DAYS\Project\IAR\program\nor_sdram_zf_dtcm\Obj\SEEKFREE_IIC.o
#        C:\Users\a1876\Desktop\RT1064_TEN_DAYS\Project\IAR\program\nor_sdram_zf_dtcm\Obj\SEEKFREE_IPS114_SPI.o
#        C:\Users\a1876\Desktop\RT1064_TEN_DAYS\Project\IAR\program\nor_sdram_zf_dtcm\Obj\SEEKFREE_IPS200_PARALLEL8.o
#        C:\Users\a1876\Desktop\RT1064_TEN_DAYS\Project\IAR\program\nor_sdram_zf_dtcm\Obj\SEEKFREE_L3G4200D.o
#        C:\Users\a1876\Desktop\RT1064_TEN_DAYS\Project\IAR\program\nor_sdram_zf_dtcm\Obj\SEEKFREE_MMA8451.o
#        C:\Users\a1876\Desktop\RT1064_TEN_DAYS\Project\IAR\program\nor_sdram_zf_dtcm\Obj\SEEKFREE_MPU6050.o
#        C:\Users\a1876\Desktop\RT1064_TEN_DAYS\Project\IAR\program\nor_sdram_zf_dtcm\Obj\SEEKFREE_MT9V03X.o
#        C:\Users\a1876\Desktop\RT1064_TEN_DAYS\Project\IAR\program\nor_sdram_zf_dtcm\Obj\SEEKFREE_MT9V03X_CSI.o
#        C:\Users\a1876\Desktop\RT1064_TEN_DAYS\Project\IAR\program\nor_sdram_zf_dtcm\Obj\SEEKFREE_NRF24L01.o
#        C:\Users\a1876\Desktop\RT1064_TEN_DAYS\Project\IAR\program\nor_sdram_zf_dtcm\Obj\SEEKFREE_OLED.o
#        C:\Users\a1876\Desktop\RT1064_TEN_DAYS\Project\IAR\program\nor_sdram_zf_dtcm\Obj\SEEKFREE_PRINTF.o
#        C:\Users\a1876\Desktop\RT1064_TEN_DAYS\Project\IAR\program\nor_sdram_zf_dtcm\Obj\SEEKFREE_SCC8660.o
#        C:\Users\a1876\Desktop\RT1064_TEN_DAYS\Project\IAR\program\nor_sdram_zf_dtcm\Obj\SEEKFREE_SCC8660_CSI.o
#        C:\Users\a1876\Desktop\RT1064_TEN_DAYS\Project\IAR\program\nor_sdram_zf_dtcm\Obj\SEEKFREE_VIRSCO.o
#        C:\Users\a1876\Desktop\RT1064_TEN_DAYS\Project\IAR\program\nor_sdram_zf_dtcm\Obj\SEEKFREE_W25QXXJV.o
#        C:\Users\a1876\Desktop\RT1064_TEN_DAYS\Project\IAR\program\nor_sdram_zf_dtcm\Obj\SEEKFREE_WIRELESS.o
#        C:\Users\a1876\Desktop\RT1064_TEN_DAYS\Project\IAR\program\nor_sdram_zf_dtcm\Obj\serial_manager.o
#        C:\Users\a1876\Desktop\RT1064_TEN_DAYS\Project\IAR\program\nor_sdram_zf_dtcm\Obj\serial_port_uart.o
#        C:\Users\a1876\Desktop\RT1064_TEN_DAYS\Project\IAR\program\nor_sdram_zf_dtcm\Obj\SPEEDCIRCLE.o
#        C:\Users\a1876\Desktop\RT1064_TEN_DAYS\Project\IAR\program\nor_sdram_zf_dtcm\Obj\startup_MIMXRT1064.o
#        C:\Users\a1876\Desktop\RT1064_TEN_DAYS\Project\IAR\program\nor_sdram_zf_dtcm\Obj\system_MIMXRT1064.o
#        C:\Users\a1876\Desktop\RT1064_TEN_DAYS\Project\IAR\program\nor_sdram_zf_dtcm\Obj\usb_device_cdc_acm.o
#        C:\Users\a1876\Desktop\RT1064_TEN_DAYS\Project\IAR\program\nor_sdram_zf_dtcm\Obj\usb_device_ch9.o
#        C:\Users\a1876\Desktop\RT1064_TEN_DAYS\Project\IAR\program\nor_sdram_zf_dtcm\Obj\usb_device_class.o
#        C:\Users\a1876\Desktop\RT1064_TEN_DAYS\Project\IAR\program\nor_sdram_zf_dtcm\Obj\usb_device_dci.o
#        C:\Users\a1876\Desktop\RT1064_TEN_DAYS\Project\IAR\program\nor_sdram_zf_dtcm\Obj\usb_device_descriptor.o
#        C:\Users\a1876\Desktop\RT1064_TEN_DAYS\Project\IAR\program\nor_sdram_zf_dtcm\Obj\usb_device_ehci.o
#        C:\Users\a1876\Desktop\RT1064_TEN_DAYS\Project\IAR\program\nor_sdram_zf_dtcm\Obj\usb_osa_bm.o
#        C:\Users\a1876\Desktop\RT1064_TEN_DAYS\Project\IAR\program\nor_sdram_zf_dtcm\Obj\usb_phy.o
#        C:\Users\a1876\Desktop\RT1064_TEN_DAYS\Project\IAR\program\nor_sdram_zf_dtcm\Obj\VCAN_computer.o
#        C:\Users\a1876\Desktop\RT1064_TEN_DAYS\Project\IAR\program\nor_sdram_zf_dtcm\Obj\VCAN_key.o
#        C:\Users\a1876\Desktop\RT1064_TEN_DAYS\Project\IAR\program\nor_sdram_zf_dtcm\Obj\zf_adc.o
#        C:\Users\a1876\Desktop\RT1064_TEN_DAYS\Project\IAR\program\nor_sdram_zf_dtcm\Obj\zf_camera.o
#        C:\Users\a1876\Desktop\RT1064_TEN_DAYS\Project\IAR\program\nor_sdram_zf_dtcm\Obj\zf_csi.o
#        C:\Users\a1876\Desktop\RT1064_TEN_DAYS\Project\IAR\program\nor_sdram_zf_dtcm\Obj\zf_flash.o
#        C:\Users\a1876\Desktop\RT1064_TEN_DAYS\Project\IAR\program\nor_sdram_zf_dtcm\Obj\zf_gpio.o
#        C:\Users\a1876\Desktop\RT1064_TEN_DAYS\Project\IAR\program\nor_sdram_zf_dtcm\Obj\zf_iic.o
#        C:\Users\a1876\Desktop\RT1064_TEN_DAYS\Project\IAR\program\nor_sdram_zf_dtcm\Obj\zf_iomuxc.o
#        C:\Users\a1876\Desktop\RT1064_TEN_DAYS\Project\IAR\program\nor_sdram_zf_dtcm\Obj\zf_pit.o
#        C:\Users\a1876\Desktop\RT1064_TEN_DAYS\Project\IAR\program\nor_sdram_zf_dtcm\Obj\zf_pwm.o
#        C:\Users\a1876\Desktop\RT1064_TEN_DAYS\Project\IAR\program\nor_sdram_zf_dtcm\Obj\zf_qtimer.o
#        C:\Users\a1876\Desktop\RT1064_TEN_DAYS\Project\IAR\program\nor_sdram_zf_dtcm\Obj\zf_rom_api.o
#        C:\Users\a1876\Desktop\RT1064_TEN_DAYS\Project\IAR\program\nor_sdram_zf_dtcm\Obj\zf_sdcard.o
#        C:\Users\a1876\Desktop\RT1064_TEN_DAYS\Project\IAR\program\nor_sdram_zf_dtcm\Obj\zf_spi.o
#        C:\Users\a1876\Desktop\RT1064_TEN_DAYS\Project\IAR\program\nor_sdram_zf_dtcm\Obj\zf_systick.o
#        C:\Users\a1876\Desktop\RT1064_TEN_DAYS\Project\IAR\program\nor_sdram_zf_dtcm\Obj\zf_uart.o
#        C:\Users\a1876\Desktop\RT1064_TEN_DAYS\Project\IAR\program\nor_sdram_zf_dtcm\Obj\zf_usb_cdc.o
#        C:\Users\a1876\Desktop\RT1064_TEN_DAYS\Project\IAR\program\nor_sdram_zf_dtcm\Obj\zf_vector.o
#        --no_out_extension -o
#        C:\Users\a1876\Desktop\RT1064_TEN_DAYS\Project\IAR\program\nor_sdram_zf_dtcm\Exe\RT106X.out
#        --map
#        C:\Users\a1876\Desktop\RT1064_TEN_DAYS\Project\IAR\program\nor_sdram_zf_dtcm\List\RT106X.map
#        --config
#        C:\Users\a1876\Desktop\RT1064_TEN_DAYS\Project\IAR\program\..\..\IAR\icf\MIMXRT1064xxxxx_flexspi_nor.icf
#        --semihosting --entry __iar_program_start --vfe --text_out locale)
#
###############################################################################

*******************************************************************************
*** RUNTIME MODEL ATTRIBUTES
***

CppFlavor       = *
__Heap_Handler  = DLMalloc
__SystemLibrary = DLib
__dlib_version  = 6


*******************************************************************************
*** HEAP SELECTION
***

The advanced heap was selected because the application calls memory
allocation functions outside of system library functions, and there
are calls to deallocation functions in the application.


*******************************************************************************
*** PLACEMENT SUMMARY
***

"A0":  place at 0x7000'2000 { ro section .intvec };
"A2":  place at 0x7000'0000 { section .boot_hdr.conf };
"A3":  place at 0x7000'1000 { section .boot_hdr.ivt };
"A4":  place at 0x7000'1020 { ro section .boot_hdr.boot_data };
"A5":  place at 0x7000'1030 { ro section .boot_hdr.dcd_data };
"P1":  place in [from 0x7000'2000 to 0x7000'23ff] |
                [from 0x7000'2400 to 0x703f'ffff] { ro };
define block RW { first rw, section m_usb_dma_init_data };
"P2":  place in [from 0x8000'0000 to 0x8000'03ff] |
                [from 0x8000'0400 to 0x81df'ffff] { block RW };
define block SDRAM_VAR
   with alignment = 8 { section SDRAM_CACHE, section SDRAM_CACHE.init };
"P11": place in [from 0x8000'0000 to 0x8000'03ff] |
                [from 0x8000'0400 to 0x81df'ffff] { block SDRAM_VAR };
define block ZI
   with alignment = 32 { first zi, section m_usb_dma_noninit_data };
"P3":  place in [from 0x2000'0000 to 0x2006'efff] { block ZI };
"P4":  place in [from 0x2000'0000 to 0x2006'efff] { section .data };
"P5":  place in [from 0x2000'0000 to 0x2006'efff] { section .textrw };
define block DTCM_VAR
   with alignment = 8 { section NonCacheable, section NonCacheable.init };
"P9":  place in [from 0x2000'0000 to 0x2006'efff] { block DTCM_VAR };
define block CSTACK with size = 4K, alignment = 8 { };
"P7":  place in [from 0x2006'f000 to 0x2006'ffff] { block CSTACK };
initialize by copy { rw, section .textrw };
initialize by copy { ro }
   except {
      ro section .intvec, ro object system_MIMXRT1064.o,
      ro object startup_MIMXRT1064.o, section .boot_hdr.conf,
      section .boot_hdr.ivt, section .boot_hdr.boot_data,
      section .boot_hdr.dcd_data };
keep {
   section .boot_hdr.conf, section .boot_hdr.ivt, section .boot_hdr.boot_data,
   section .boot_hdr.dcd_data };

No sections matched the following patterns:

  section .intvec_RAM              in "A1"
  section .textrw                  in "P3-P5|P9"
  section ITCM_NonCacheable        in block ITCM_VAR
  section ITCM_NonCacheable.init   in block ITCM_VAR
  section NonCacheable.init        in block DTCM_VAR
  section OCRAM_CACHE              in block OCRAM_VAR
  section OCRAM_CACHE.init         in block OCRAM_VAR
  section SDRAM_CACHE              in block SDRAM_VAR
  section SDRAM_CACHE.init         in block SDRAM_VAR
  section SDRAM_NonCacheable       in block SDRAM_NCACHE_VAR
  section SDRAM_NonCacheable.init  in block SDRAM_NCACHE_VAR
  section m_usb_dma_init_data      in block RW
  section m_usb_dma_noninit_data   in block ZI


  Section              Kind         Address     Size  Object
  -------              ----         -------     ----  ------
"P3-P5|P9", part 1 of 2:                     0x27231
  P3-P5|P9 s0                   0x2000'0000  0x27231  <Init block>
    .data              inited   0x2000'0000   0x9c40  SCANCALCULATE.o [1]
    .data              inited   0x2000'9c40   0x9c40  SCANCALCULATE.o [1]
    .data              inited   0x2001'3880   0x9c40  SCANCALCULATE.o [1]
    .data              inited   0x2001'd4c0   0x9c40  SCANCALCULATE.o [1]
    .data              inited   0x2002'7100     0x28  zf_gpio.o [1]
    .data              inited   0x2002'7128     0x24  SEEKFREE_MT9V03X_CSI.o [1]
    .data              inited   0x2002'714c     0x24  zf_uart.o [1]
    .data              inited   0x2002'7170     0x20  SEEKFREE_MT9V03X_CSI.o [1]
    .data              inited   0x2002'7190     0x14  zf_pwm.o [1]
    .data              inited   0x2002'71a4     0x14  zf_qtimer.o [1]
    .data              inited   0x2002'71b8      0xc  VCAN_key.o [1]
    .data              inited   0x2002'71c4      0xc  zf_adc.o [1]
    .data              inited   0x2002'71d0      0x4  ALLINIT.o [1]
    .data              inited   0x2002'71d4      0x4  ALLINIT.o [1]
    .data              inited   0x2002'71d8      0x4  DIRCIRCLE.o [1]
    .data              inited   0x2002'71dc      0x4  DIRCIRCLE.o [1]
    .data              inited   0x2002'71e0      0x4  isr.o [1]
    .data              inited   0x2002'71e4      0x4  OLED.o [1]
    .data              inited   0x2002'71e8      0x4  OLED.o [1]
    .data              inited   0x2002'71ec      0x4  OLED.o [1]
    .data              inited   0x2002'71f0      0x4  OLED.o [1]
    .data              inited   0x2002'71f4      0x4  OLED.o [1]
    .data              inited   0x2002'71f8      0x4  SCANCALCULATE.o [1]
    .data              inited   0x2002'71fc      0x4  SCANCALCULATE.o [1]
    .data              inited   0x2002'7200      0x4  SCANCALCULATE.o [1]
    .data              inited   0x2002'7204      0x4  SCANCALCULATE.o [1]
    .data              inited   0x2002'7208      0x4  SCANCALCULATE.o [1]
    .data              inited   0x2002'720c      0x4  SCANCALCULATE.o [1]
    .data              inited   0x2002'7210      0x4  SCANCALCULATE.o [1]
    .data              inited   0x2002'7214      0x4  SCANCALCULATE.o [1]
    .data              inited   0x2002'7218      0x4  SCANCALCULATE.o [1]
    .data              inited   0x2002'721c      0x4  SCANCALCULATE.o [1]
    .data              inited   0x2002'7220      0x4  SCANCALCULATE.o [1]
    .data              inited   0x2002'7224      0x4  system_MIMXRT1064.o [1]
    .data              inited   0x2002'7228      0x2  SEEKFREE_IIC.o [1]
    .data              inited   0x2002'722a      0x2  SPEEDCIRCLE.o [1]
    .data              inited   0x2002'722c      0x2  SPEEDCIRCLE.o [1]
    .data              inited   0x2002'722e      0x1  GARAGE.o [1]
    .data              inited   0x2002'722f      0x1  GARAGE.o [1]
    .data              inited   0x2002'7230      0x1  isr.o [1]
                              - 0x2002'7231  0x27231

"P3-P5|P9", part 2 of 2:                     0x44918
  ZI                            0x2002'7240  0x3b318  <Block>
    .bss               zero     0x2002'7240      0xc  ADCSAMPLE.o [1]
    .bss               zero     0x2002'724c      0xc  ADCSAMPLE.o [1]
    .bss               zero     0x2002'7258     0x3c  ADCSAMPLE.o [1]
    .bss               zero     0x2002'7294      0x4  ALLINIT.o [1]
    .bss               zero     0x2002'7298      0xc  ALLINIT.o [1]
    .bss               zero     0x2002'72a4      0xc  ALLINIT.o [1]
    .bss               zero     0x2002'72b0      0x4  ALLINIT.o [1]
    .bss               zero     0x2002'72b4      0x4  ALLINIT.o [1]
    .bss               zero     0x2002'72b8      0x1  common.o [1]
    .bss               zero     0x2002'72ba      0x2  DIRCIRCLE.o [1]
    .bss               zero     0x2002'72bc      0x2  DIRCIRCLE.o [1]
    .bss               zero     0x2002'72be      0x2  DIRCIRCLE.o [1]
    .bss               zero     0x2002'72c0      0x2  DIRCIRCLE.o [1]
    .bss               zero     0x2002'72c2      0x2  DIRCIRCLE.o [1]
    .bss               zero     0x2002'72c4      0x2  DIRCIRCLE.o [1]
    .bss               zero     0x2002'72c6      0x2  DIRCIRCLE.o [1]
    .bss               zero     0x2002'72c8      0x2  DIRCIRCLE.o [1]
    .bss               zero     0x2002'72ca      0x2  DIRCIRCLE.o [1]
    .bss               zero     0x2002'72cc      0x2  DIRCIRCLE.o [1]
    .bss               zero     0x2002'72ce      0x2  DIRCIRCLE.o [1]
    .bss               zero     0x2002'72d0      0x4  DIRCIRCLE.o [1]
    .bss               zero     0x2002'72d4      0x4  DIRCIRCLE.o [1]
    .bss               zero     0x2002'72d8      0x4  DIRCIRCLE.o [1]
    .bss               zero     0x2002'72e0      0x8  DIRCIRCLE.o [1]
    .bss               zero     0x2002'72e8      0x4  DIRCIRCLE.o [1]
    .bss               zero     0x2002'72ec     0x1c  DIRCIRCLE.o [1]
    .bss               zero     0x2002'7308      0x4  fsl_clock.o [1]
    .bss               zero     0x2002'730c      0x4  fsl_clock.o [1]
    .bss               zero     0x2002'7310      0x4  fsl_csi.o [1]
    .bss               zero     0x2002'7314      0x4  fsl_csi.o [1]
    .bss               zero     0x2002'7318     0x1c  fsl_debug_console.o [1]
    .bss               zero     0x2002'7334      0x4  fsl_debug_console.o [1]
    .bss               zero     0x2002'7338     0x80  fsl_edma.o [1]
    .bss               zero     0x2002'73b8      0x8  fsl_enet.o [1]
    .bss               zero     0x2002'73c0      0x4  fsl_enet.o [1]
    .bss               zero     0x2002'73c4      0x4  fsl_enet.o [1]
    .bss               zero     0x2002'73c8      0x4  fsl_enet.o [1]
    .bss               zero     0x2002'73cc      0x4  fsl_enet.o [1]
    .bss               zero     0x2002'73d0     0x10  fsl_flexcan.o [1]
    .bss               zero     0x2002'73e0      0x4  fsl_flexcan.o [1]
    .bss               zero     0x2002'73e4      0x8  fsl_flexio.o [1]
    .bss               zero     0x2002'73ec      0x8  fsl_flexio.o [1]
    .bss               zero     0x2002'73f4      0x8  fsl_flexio.o [1]
    .bss               zero     0x2002'73fc      0x4  fsl_lpi2c.o [1]
    .bss               zero     0x2002'7400     0x14  fsl_lpi2c.o [1]
    .bss               zero     0x2002'7414      0x4  fsl_lpi2c.o [1]
    .bss               zero     0x2002'7418     0x14  fsl_lpi2c.o [1]
    .bss               zero     0x2002'742c     0x14  fsl_lpspi.o [1]
    .bss               zero     0x2002'7440      0x4  fsl_lpspi.o [1]
    .bss               zero     0x2002'7444      0x4  fsl_lpspi.o [1]
    .bss               zero     0x2002'7448     0x24  fsl_lpuart.o [1]
    .bss               zero     0x2002'746c      0x4  fsl_lpuart.o [1]
    .bss               zero     0x2002'7470     0x20  fsl_sai.o [1]
    .bss               zero     0x2002'7490      0x4  fsl_sai.o [1]
    .bss               zero     0x2002'7494      0x4  fsl_sai.o [1]
    .bss               zero     0x2002'7498      0x4  fsl_sdmmc_event.o [1]
    .bss               zero     0x2002'749c      0x4  fsl_sdmmc_event.o [1]
    .bss               zero     0x2002'74a0      0x4  fsl_sdmmc_event.o [1]
    .bss               zero     0x2002'74a4     0x28  fsl_sdmmc_host.o [1]
    .bss               zero     0x2002'74cc      0x1  fsl_sdmmc_host.o [1]
    .bss               zero     0x2002'74d0      0x8  fsl_spdif.o [1]
    .bss               zero     0x2002'74d8      0x4  fsl_spdif.o [1]
    .bss               zero     0x2002'74dc      0x4  fsl_spdif.o [1]
    .bss               zero     0x2002'74e0      0xc  fsl_usdhc.o [1]
    .bss               zero     0x2002'74ec      0x4  fsl_usdhc.o [1]
    .bss               zero     0x2002'74f0      0x1  GARAGE.o [1]
    .bss               zero     0x2002'74f1      0x1  GARAGE.o [1]
    .bss               zero     0x2002'74f2      0x1  GARAGE.o [1]
    .bss               zero     0x2002'74f3      0x1  GARAGE.o [1]
    .bss               zero     0x2002'74f4      0x1  GARAGE.o [1]
    .bss               zero     0x2002'74f8      0x4  GARAGE.o [1]
    .bss               zero     0x2002'74fc    0x180  GARAGE.o [1]
    .bss               zero     0x2002'767c    0x180  GARAGE.o [1]
    .bss               zero     0x2002'77fc      0x1  isr.o [1]
    .bss               zero     0x2002'7800      0x4  isr.o [1]
    .bss               zero     0x2002'7804      0x4  isr.o [1]
    .bss               zero     0x2002'7808      0x4  isr.o [1]
    .bss               zero     0x2002'780c      0x4  isr.o [1]
    .bss               zero     0x2002'7810      0x4  isr.o [1]
    .bss               zero     0x2002'7814      0x4  isr.o [1]
    .bss               zero     0x2002'7818      0x2  isr.o [1]
    .bss               zero     0x2002'781c      0x8  main.o [1]
    .bss               zero     0x2002'7824      0x8  main.o [1]
    .bss               zero     0x2002'782c      0x1  OLED.o [1]
    .bss               zero     0x2002'7830      0x4  OLED.o [1]
    .bss               zero     0x2002'7834      0x4  OLED.o [1]
    .bss               zero     0x2002'7838      0x4  OLED.o [1]
    .bss               zero     0x2002'783c      0x4  OLED.o [1]
    .bss               zero     0x2002'7840      0x4  OLED.o [1]
    .bss               zero     0x2002'7844      0x4  OLED.o [1]
    .bss               zero     0x2002'7848      0x4  OLED.o [1]
    .bss               zero     0x2002'784c      0x4  OLED.o [1]
    .bss               zero     0x2002'7850      0x2  RING.o [1]
    .bss               zero     0x2002'7852      0x2  RING.o [1]
    .bss               zero     0x2002'7854      0x1  RING.o [1]
    .bss               zero     0x2002'7855      0x1  RING.o [1]
    .bss               zero     0x2002'7856      0x1  RING.o [1]
    .bss               zero     0x2002'7857      0x1  RING.o [1]
    .bss               zero     0x2002'7858      0x1  RING.o [1]
    .bss               zero     0x2002'785c   0x9c40  SCANCALCULATE.o [1]
    .bss               zero     0x2003'149c   0x9c40  SCANCALCULATE.o [1]
    .bss               zero     0x2003'b0dc     0xa0  SCANCALCULATE.o [1]
    .bss               zero     0x2003'b17c     0xa0  SCANCALCULATE.o [1]
    .bss               zero     0x2003'b21c     0xa0  SCANCALCULATE.o [1]
    .bss               zero     0x2003'b2bc     0xa0  SCANCALCULATE.o [1]
    .bss               zero     0x2003'b35c   0x9c40  SCANCALCULATE.o [1]
    .bss               zero     0x2004'4f9c   0x9c40  SCANCALCULATE.o [1]
    .bss               zero     0x2004'ebdc      0x4  SCANCALCULATE.o [1]
    .bss               zero     0x2004'ebe0      0x4  SCANCALCULATE.o [1]
    .bss               zero     0x2004'ebe4      0x4  SCANCALCULATE.o [1]
    .bss               zero     0x2004'ebe8      0x4  SCANCALCULATE.o [1]
    .bss               zero     0x2004'ebec      0x4  SCANCALCULATE.o [1]
    .bss               zero     0x2004'ebf0    0x200  SCANCALCULATE.o [1]
    .bss               zero     0x2004'edf0   0x9c40  SCANCALCULATE.o [1]
    .bss               zero     0x2005'8a30    0x200  SCANCALCULATE.o [1]
    .bss               zero     0x2005'8c30      0x2  SEEKFREE_MPU6050.o [1]
    .bss               zero     0x2005'8c32      0x2  SEEKFREE_MPU6050.o [1]
    .bss               zero     0x2005'8c34      0x2  SEEKFREE_MPU6050.o [1]
    .bss               zero     0x2005'8c36      0x2  SEEKFREE_MPU6050.o [1]
    .bss               zero     0x2005'8c38      0x2  SEEKFREE_MPU6050.o [1]
    .bss               zero     0x2005'8c3a      0x2  SEEKFREE_MPU6050.o [1]
    .bss               zero     0x2005'8c3c   0x5820  SEEKFREE_MT9V03X.o [1]
    .bss               zero     0x2005'e45c      0x4  SEEKFREE_MT9V03X.o [1]
    .bss               zero     0x2005'e460      0x1  SEEKFREE_MT9V03X.o [1]
    .bss               zero     0x2005'e461      0x1  SEEKFREE_MT9V03X.o [1]
    .bss               zero     0x2005'e480   0x2000  SEEKFREE_MT9V03X_CSI.o [1]
    .bss               zero     0x2006'0480   0x2000  SEEKFREE_MT9V03X_CSI.o [1]
    .bss               zero     0x2006'2480      0x4  SEEKFREE_MT9V03X_CSI.o [1]
    .bss               zero     0x2006'2484      0x1  SEEKFREE_MT9V03X_CSI.o [1]
    .bss               zero     0x2006'2488      0x8  SEEKFREE_MT9V03X_CSI.o [1]
    .bss               zero     0x2006'2490     0x30  SEEKFREE_MT9V03X_CSI.o [1]
    .bss               zero     0x2006'24c0      0x1  SEEKFREE_MT9V03X_CSI.o [1]
    .bss               zero     0x2006'24c4      0x4  SPEEDCIRCLE.o [1]
    .bss               zero     0x2006'24c8      0x4  SPEEDCIRCLE.o [1]
    .bss               zero     0x2006'24cc      0x4  SPEEDCIRCLE.o [1]
    .bss               zero     0x2006'24d0      0x4  SPEEDCIRCLE.o [1]
    .bss               zero     0x2006'24d4      0x2  SPEEDCIRCLE.o [1]
    .bss               zero     0x2006'24d6      0x2  SPEEDCIRCLE.o [1]
    .bss               zero     0x2006'24d8      0x2  SPEEDCIRCLE.o [1]
    .bss               zero     0x2006'24da      0x2  SPEEDCIRCLE.o [1]
    .bss               zero     0x2006'24dc     0x14  SPEEDCIRCLE.o [1]
    .bss               zero     0x2006'24f0     0x14  SPEEDCIRCLE.o [1]
    .bss               zero     0x2006'2504     0x1c  zf_camera.o [1]
    .bss               zero     0x2006'2520     0x1c  zf_csi.o [1]
    .bss               zero     0x2006'253c      0x4  zf_csi.o [1]
    .bss               zero     0x2006'2540      0x1  zf_systick.o [1]
    .bss               zero     0x2006'2544     0x10  zf_usb_cdc.o [1]
    .bss               zero     0x2006'2554      0x4  xfail_s.o [2]
  DTCM_VAR                      0x2006'2558   0x9600  <Block>
    NonCacheable       zero     0x2006'2558   0x9600  SEEKFREE_SCC8660.o [1]
                              - 0x2006'bb58  0x44918

"P7":                                         0x1000
  CSTACK                        0x2006'f000   0x1000  <Block>
    CSTACK             uninit   0x2006'f000   0x1000  <Block tail>
                              - 0x2007'0000   0x1000

"A2":                                          0x200
  .boot_hdr.conf       const    0x7000'0000    0x200  evkmimxrt1064_flexspi_nor_config.o [1]
                              - 0x7000'0200    0x200

"A3":                                           0x20
  .boot_hdr.ivt        const    0x7000'1000     0x20  fsl_flexspi_nor_boot.o [1]
                              - 0x7000'1020     0x20

"A4":                                           0x10
  .boot_hdr.boot_data  const    0x7000'1020     0x10  fsl_flexspi_nor_boot.o [1]
                              - 0x7000'1030     0x10

"A5":                                          0x430
  .boot_hdr.dcd_data   const    0x7000'1030    0x430  evkmimxrt1064_sdram_ini_dcd.o [1]
                              - 0x7000'1460    0x430

"A0":                                          0x440
  .intvec              const    0x7000'2000    0x400  zf_vector.o [1]
  .intvec              ro code  0x7000'2400     0x40  vector_table_M.o [4]
                              - 0x7000'2440    0x440

"P1":                                        0x154e1
  .text                ro code  0x7000'2440    0x1f6  lz77_init.o [4]
  .text                ro code  0x7000'2636      0x6  abort.o [2]
  .text                ro code  0x7000'263c     0x14  exit.o [5]
  .text                ro code  0x7000'2650    0x17e  system_MIMXRT1064.o [1]
  .text                ro code  0x7000'27ce     0x3a  zero_init3.o [4]
  .text                ro code  0x7000'2808     0x6c  startup_MIMXRT1064.o [1]
  .text                ro code  0x7000'2874     0x28  data_init.o [4]
  .text                ro code  0x7000'289c     0x22  fpinit_M.o [3]
  .iar.init_table      const    0x7000'28c0     0x50  - Linker created -
  Veneer               ro code  0x7000'2910      0x8  - Linker created -
  Veneer               ro code  0x7000'2918      0x8  - Linker created -
  .text                ro code  0x7000'2920     0x1e  cmain.o [4]
  .text                ro code  0x7000'293e      0x4  low_level_init.o [2]
  .text                ro code  0x7000'2942      0xc  cstartup_M.o [4]
  .rodata              const    0x7000'294e      0x0  zero_init3.o [4]
  .rodata              const    0x7000'294e      0x0  lz77_init.o [4]
  Initializer bytes    const    0x7000'294e   0xd7f2  <for RW-1>
  Initializer bytes    const    0x7001'0140   0x77e1  <for P3-P5|P9 s0>
                              - 0x7001'7921  0x154e1

"P2|P11":                                    0x17272
  RW                            0x8000'0400  0x17272  <Block>
    RW-1                        0x8000'0400  0x17272  <Init block>
      .rodata          inited   0x8000'0400    0x420  pow64.o [3]
      .rodata          inited   0x8000'0820     0x14  ALLINIT.o [1]
      .rodata          inited   0x8000'0834     0x14  ALLINIT.o [1]
      .rodata          inited   0x8000'0848     0x18  ALLINIT.o [1]
      .rodata          inited   0x8000'0860     0x18  clock_config.o [1]
      .rodata          inited   0x8000'0878     0x54  clock_config.o [1]
      .rodata          inited   0x8000'08cc      0xc  clock_config.o [1]
      .rodata          inited   0x8000'08d8      0x8  clock_config.o [1]
      .rodata          inited   0x8000'08e0      0xc  fsl_adc.o [1]
      .rodata          inited   0x8000'08ec     0x54  fsl_adc.o [1]
      .rodata          inited   0x8000'0940     0x14  fsl_adc.o [1]
      .rodata          inited   0x8000'0954     0x50  fsl_adc.o [1]
      .rodata          inited   0x8000'09a4     0x3c  fsl_adc.o [1]
      .rodata          inited   0x8000'09e0     0x50  fsl_adc.o [1]
      .rodata          inited   0x8000'0a30      0xc  fsl_adc.o [1]
      .rodata          inited   0x8000'0a3c      0xc  fsl_adc.o [1]
      .rodata          inited   0x8000'0a48      0x8  fsl_adc.o [1]
      .rodata          inited   0x8000'0a50     0x2c  fsl_assert.o [1]
      .rodata          inited   0x8000'0a7c     0x10  fsl_clock.o [1]
      .rodata          inited   0x8000'0a8c     0x54  fsl_clock.o [1]
      .rodata          inited   0x8000'0ae0     0x10  fsl_clock.o [1]
      .rodata          inited   0x8000'0af0      0xc  fsl_csi.o [1]
      .rodata          inited   0x8000'0afc     0x54  fsl_csi.o [1]
      .rodata          inited   0x8000'0b50     0x3c  fsl_csi.o [1]
      .rodata          inited   0x8000'0b8c     0x50  fsl_csi.o [1]
      .rodata          inited   0x8000'0bdc      0x8  fsl_csi.o [1]
      .rodata          inited   0x8000'0be4      0x8  fsl_csi.o [1]
      .rodata          inited   0x8000'0bec      0x4  fsl_csi.o [1]
      .rodata          inited   0x8000'0bf0      0x8  fsl_debug_console.o [1]
      .rodata          inited   0x8000'0bf8     0x6c  fsl_debug_console.o [1]
      .rodata          inited   0x8000'0c64      0xc  fsl_debug_console.o [1]
      .rodata          inited   0x8000'0c70     0x28  fsl_debug_console.o [1]
      .rodata          inited   0x8000'0c98     0x10  fsl_debug_console.o [1]
      .rodata          inited   0x8000'0ca8     0x54  fsl_edma.o [1]
      .rodata          inited   0x8000'0cfc     0x10  fsl_edma.o [1]
      .rodata          inited   0x8000'0d0c      0xc  fsl_edma.o [1]
      .rodata          inited   0x8000'0d18     0x3c  fsl_enet.o [1]
      .rodata          inited   0x8000'0d54     0x54  fsl_enet.o [1]
      .rodata          inited   0x8000'0da8      0xc  fsl_enet.o [1]
      .rodata          inited   0x8000'0db4     0x54  fsl_flexcan.o [1]
      .rodata          inited   0x8000'0e08     0x14  fsl_flexcan.o [1]
      .rodata          inited   0x8000'0e1c     0x14  fsl_flexcan.o [1]
      .rodata          inited   0x8000'0e30     0x14  fsl_flexcan.o [1]
      .rodata          inited   0x8000'0e44      0xc  fsl_gpio.o [1]
      .rodata          inited   0x8000'0e50     0x54  fsl_gpio.o [1]
      .rodata          inited   0x8000'0ea4     0x3c  fsl_gpio.o [1]
      .rodata          inited   0x8000'0ee0     0x54  fsl_gpio.o [1]
      .rodata          inited   0x8000'0f34      0xc  fsl_gpio.o [1]
      .rodata          inited   0x8000'0f40     0x28  fsl_gpio.o [1]
      .rodata          inited   0x8000'0f68      0xc  fsl_gpio.o [1]
      .rodata          inited   0x8000'0f74      0xc  fsl_gpt.o [1]
      .rodata          inited   0x8000'0f80     0x54  fsl_gpt.o [1]
      .rodata          inited   0x8000'0fd4     0x18  fsl_gpt.o [1]
      .rodata          inited   0x8000'0fec     0x50  fsl_gpt.o [1]
      .rodata          inited   0x8000'103c     0x3c  fsl_gpt.o [1]
      .rodata          inited   0x8000'1078     0x50  fsl_gpt.o [1]
      .rodata          inited   0x8000'10c8      0xc  fsl_gpt.o [1]
      .rodata          inited   0x8000'10d4      0x8  fsl_gpt.o [1]
      .rodata          inited   0x8000'10dc      0xc  fsl_gpt.o [1]
      .rodata          inited   0x8000'10e8      0x8  fsl_gpt.o [1]
      .rodata          inited   0x8000'10f0     0x54  fsl_lpspi.o [1]
      .rodata          inited   0x8000'1144     0x14  fsl_lpspi.o [1]
      .rodata          inited   0x8000'1158     0x14  fsl_lpspi.o [1]
      .rodata          inited   0x8000'116c     0x14  fsl_lpspi.o [1]
      .rodata          inited   0x8000'1180     0x14  fsl_lpspi.o [1]
      .rodata          inited   0x8000'1194      0xc  fsl_lpuart.o [1]
      .rodata          inited   0x8000'11a0     0x54  fsl_lpuart.o [1]
      .rodata          inited   0x8000'11f4     0x40  fsl_lpuart.o [1]
      .rodata          inited   0x8000'1234     0x54  fsl_lpuart.o [1]
      .rodata          inited   0x8000'1288      0x8  fsl_lpuart.o [1]
      .rodata          inited   0x8000'1290      0x8  fsl_lpuart.o [1]
      .rodata          inited   0x8000'1298      0x8  fsl_lpuart.o [1]
      .rodata          inited   0x8000'12a0     0x18  fsl_lpuart.o [1]
      .rodata          inited   0x8000'12b8     0x20  fsl_lpuart.o [1]
      .rodata          inited   0x8000'12d8     0x20  fsl_lpuart.o [1]
      .rodata          inited   0x8000'12f8     0x24  fsl_lpuart.o [1]
      .rodata          inited   0x8000'131c     0x14  fsl_lpuart.o [1]
      .rodata          inited   0x8000'1330     0x14  fsl_lpuart.o [1]
      .rodata          inited   0x8000'1344      0xc  fsl_pit.o [1]
      .rodata          inited   0x8000'1350     0x54  fsl_pit.o [1]
      .rodata          inited   0x8000'13a4     0x3c  fsl_pit.o [1]
      .rodata          inited   0x8000'13e0     0x50  fsl_pit.o [1]
      .rodata          inited   0x8000'1430      0x8  fsl_pit.o [1]
      .rodata          inited   0x8000'1438      0x4  fsl_pit.o [1]
      .rodata          inited   0x8000'143c      0xc  fsl_pwm.o [1]
      .rodata          inited   0x8000'1448     0x54  fsl_pwm.o [1]
      .rodata          inited   0x8000'149c     0x3c  fsl_pwm.o [1]
      .rodata          inited   0x8000'14d8     0x50  fsl_pwm.o [1]
      .rodata          inited   0x8000'1528      0x8  fsl_pwm.o [1]
      .rodata          inited   0x8000'1530      0xc  fsl_pwm.o [1]
      .rodata          inited   0x8000'153c      0xc  fsl_pwm.o [1]
      .rodata          inited   0x8000'1548      0xc  fsl_pwm.o [1]
      .rodata          inited   0x8000'1554      0xc  fsl_pwm.o [1]
      .rodata          inited   0x8000'1560     0x28  fsl_pwm.o [1]
      .rodata          inited   0x8000'1588     0x1c  fsl_pwm.o [1]
      .rodata          inited   0x8000'15a4     0x10  fsl_pwm.o [1]
      .rodata          inited   0x8000'15b4     0x14  fsl_pwm.o [1]
      .rodata          inited   0x8000'15c8     0x28  fsl_pwm.o [1]
      .rodata          inited   0x8000'15f0      0xc  fsl_qtmr.o [1]
      .rodata          inited   0x8000'15fc     0x54  fsl_qtmr.o [1]
      .rodata          inited   0x8000'1650     0x3c  fsl_qtmr.o [1]
      .rodata          inited   0x8000'168c     0x54  fsl_qtmr.o [1]
      .rodata          inited   0x8000'16e0      0x8  fsl_qtmr.o [1]
      .rodata          inited   0x8000'16e8     0x14  fsl_qtmr.o [1]
      .rodata          inited   0x8000'16fc      0xc  fsl_qtmr.o [1]
      .rodata          inited   0x8000'1708     0x50  fsl_sai.o [1]
      .rodata          inited   0x8000'1758     0x14  fsl_sai.o [1]
      .rodata          inited   0x8000'176c     0x14  fsl_sai.o [1]
      .rodata          inited   0x8000'1780      0xc  fsl_sdmmc_host.o [1]
      .rodata          inited   0x8000'178c     0x70  fsl_sdmmc_host.o [1]
      .rodata          inited   0x8000'17fc      0xc  fsl_usdhc.o [1]
      .rodata          inited   0x8000'1808      0x8  lpuart_adapter.o [1]
      .rodata          inited   0x8000'1810     0x60  lpuart_adapter.o [1]
      .rodata          inited   0x8000'1870      0x8  lpuart_adapter.o [1]
      .rodata          inited   0x8000'1878     0x4c  lpuart_adapter.o [1]
      .rodata          inited   0x8000'18c4     0x28  lpuart_adapter.o [1]
      .rodata          inited   0x8000'18ec      0x8  lpuart_adapter.o [1]
      .rodata          inited   0x8000'18f4      0x8  lpuart_adapter.o [1]
      .rodata          inited   0x8000'18fc     0x24  lpuart_adapter.o [1]
      .rodata          inited   0x8000'1920      0x8  OLED.o [1]
      .rodata          inited   0x8000'1928      0x8  OLED.o [1]
      .rodata          inited   0x8000'1930      0x8  OLED.o [1]
      .rodata          inited   0x8000'1938      0x8  OLED.o [1]
      .rodata          inited   0x8000'1940      0x8  OLED.o [1]
      .rodata          inited   0x8000'1948      0x8  OLED.o [1]
      .rodata          inited   0x8000'1950      0xc  OLED.o [1]
      .rodata          inited   0x8000'195c     0x14  OLED.o [1]
      .rodata          inited   0x8000'1970     0x10  OLED.o [1]
      .rodata          inited   0x8000'1980     0x10  OLED.o [1]
      .rodata          inited   0x8000'1990     0x10  OLED.o [1]
      .rodata          inited   0x8000'19a0     0x14  OLED.o [1]
      .rodata          inited   0x8000'19b4      0xc  OLED.o [1]
      .rodata          inited   0x8000'19c0     0x10  OLED.o [1]
      .rodata          inited   0x8000'19d0     0x18  OLED.o [1]
      .rodata          inited   0x8000'19e8     0x18  OLED.o [1]
      .rodata          inited   0x8000'1a00     0x18  OLED.o [1]
      .rodata          inited   0x8000'1a18     0x18  OLED.o [1]
      .rodata          inited   0x8000'1a30     0x18  OLED.o [1]
      .rodata          inited   0x8000'1a48     0x10  OLED.o [1]
      .rodata          inited   0x8000'1a58      0xc  OLED.o [1]
      .rodata          inited   0x8000'1a64     0x14  OLED.o [1]
      .rodata          inited   0x8000'1a78     0x14  OLED.o [1]
      .rodata          inited   0x8000'1a8c     0x14  OLED.o [1]
      .rodata          inited   0x8000'1aa0      0xc  OLED.o [1]
      .rodata          inited   0x8000'1aac     0x18  OLED.o [1]
      .rodata          inited   0x8000'1ac4     0x10  OLED.o [1]
      .rodata          inited   0x8000'1ad4      0x8  OLED.o [1]
      .rodata          inited   0x8000'1adc      0x8  OLED.o [1]
      .rodata          inited   0x8000'1ae4      0x8  OLED.o [1]
      .rodata          inited   0x8000'1aec      0x8  OLED.o [1]
      .rodata          inited   0x8000'1af4      0x8  OLED.o [1]
      .rodata          inited   0x8000'1afc      0x8  OLED.o [1]
      .rodata          inited   0x8000'1b04      0x8  OLED.o [1]
      .rodata          inited   0x8000'1b0c      0x8  OLED.o [1]
      .rodata          inited   0x8000'1b14     0x14  OLED.o [1]
      .rodata          inited   0x8000'1b28     0x10  OLED.o [1]
      .rodata          inited   0x8000'1b38     0x10  OLED.o [1]
      .rodata          inited   0x8000'1b48     0x14  OLED.o [1]
      .rodata          inited   0x8000'1b5c      0x8  OLED.o [1]
      .rodata          inited   0x8000'1b64     0x10  OLED.o [1]
      .rodata          inited   0x8000'1b74    0x228  SEEKFREE_FONT.o [1]
      .rodata          inited   0x8000'1d9c      0x8  SEEKFREE_OLED.o [1]
      .rodata          inited   0x8000'1da4     0x58  SEEKFREE_OLED.o [1]
      .rodata          inited   0x8000'1dfc      0xc  SEEKFREE_OLED.o [1]
      .rodata          inited   0x8000'1e08      0xc  serial_manager.o [1]
      .rodata          inited   0x8000'1e14     0x6c  serial_manager.o [1]
      .rodata          inited   0x8000'1e80      0x8  serial_manager.o [1]
      .rodata          inited   0x8000'1e88      0x8  serial_manager.o [1]
      .rodata          inited   0x8000'1e90      0x8  serial_manager.o [1]
      .rodata          inited   0x8000'1e98      0xc  serial_manager.o [1]
      .rodata          inited   0x8000'1ea4      0x8  serial_manager.o [1]
      .rodata          inited   0x8000'1eac     0x10  serial_manager.o [1]
      .rodata          inited   0x8000'1ebc     0x10  serial_port_uart.o [1]
      .rodata          inited   0x8000'1ecc     0x6c  serial_port_uart.o [1]
      .rodata          inited   0x8000'1f38     0x10  serial_port_uart.o [1]
      .rodata          inited   0x8000'1f48      0x8  serial_port_uart.o [1]
      .rodata          inited   0x8000'1f50      0x8  serial_port_uart.o [1]
      .rodata          inited   0x8000'1f58     0x14  zf_adc.o [1]
      .rodata          inited   0x8000'1f6c     0x70  zf_adc.o [1]
      .rodata          inited   0x8000'1fdc     0x50  zf_adc.o [1]
      .rodata          inited   0x8000'202c      0x8  zf_adc.o [1]
      .rodata          inited   0x8000'2034     0x18  zf_csi.o [1]
      .rodata          inited   0x8000'204c     0x54  zf_csi.o [1]
      .rodata          inited   0x8000'20a0     0x50  zf_csi.o [1]
      .rodata          inited   0x8000'20f0      0xc  zf_gpio.o [1]
      .rodata          inited   0x8000'20fc     0x70  zf_gpio.o [1]
      .rodata          inited   0x8000'216c      0xc  zf_iomuxc.o [1]
      .rodata          inited   0x8000'2178     0x54  zf_iomuxc.o [1]
      .rodata          inited   0x8000'21cc     0x50  zf_iomuxc.o [1]
      .rodata          inited   0x8000'221c      0x8  zf_pit.o [1]
      .rodata          inited   0x8000'2224     0x70  zf_pit.o [1]
      .rodata          inited   0x8000'2294     0x50  zf_pwm.o [1]
      .rodata          inited   0x8000'22e4     0x50  zf_qtimer.o [1]
      .rodata          inited   0x8000'2334     0x18  zf_systick.o [1]
      .rodata          inited   0x8000'234c     0x70  zf_systick.o [1]
      .rodata          inited   0x8000'23bc     0x28  zf_systick.o [1]
      .rodata          inited   0x8000'23e4     0x50  zf_uart.o [1]
      .text            inited   0x8000'2434    0x184  ADCSAMPLE.o [1]
      .text            inited   0x8000'25b8    0x2c4  ALLINIT.o [1]
      .text            inited   0x8000'287c    0x338  board.o [1]
      .text            inited   0x8000'2bb4    0x6f4  clock_config.o [1]
      .text            inited   0x8000'32a8    0x2ac  DIRCIRCLE.o [1]
      .text            inited   0x8000'3554    0x2cc  fsl_adc.o [1]
      .text            inited   0x8000'3820     0x1c  fsl_assert.o [1]
      .text            inited   0x8000'383c    0x73c  fsl_clock.o [1]
      .text            inited   0x8000'3f78    0x628  fsl_csi.o [1]
      .text            inited   0x8000'45a0    0x1f6  fsl_debug_console.o [1]
      .text            inited   0x8000'4798    0x47c  fsl_edma.o [1]
      .text            inited   0x8000'4c14     0xec  fsl_enet.o [1]
      .text            inited   0x8000'4d00     0x98  fsl_flexcan.o [1]
      .text            inited   0x8000'4d98     0x64  fsl_flexio.o [1]
      .text            inited   0x8000'4dfc     0x3c  fsl_flexio_camera.o [1]
      .text            inited   0x8000'4e38    0x1f2  fsl_gpio.o [1]
      .text            inited   0x8000'502c    0x230  fsl_gpt.o [1]
      .text            inited   0x8000'525c     0x90  fsl_lpi2c.o [1]
      .text            inited   0x8000'52ec     0xf0  fsl_lpspi.o [1]
      .text            inited   0x8000'53dc    0x9ec  fsl_lpuart.o [1]
      .text            inited   0x8000'5dc8    0x144  fsl_pit.o [1]
      .text            inited   0x8000'5f0c    0xa0c  fsl_pwm.o [1]
      .text            inited   0x8000'6918    0x1c4  fsl_qtmr.o [1]
      .text            inited   0x8000'6adc    0x138  fsl_sai.o [1]
      .text            inited   0x8000'6c14     0x50  fsl_sdmmc_event.o [1]
      .text            inited   0x8000'6c64     0xcc  fsl_sdmmc_host.o [1]
      .text            inited   0x8000'6d30     0x44  fsl_spdif.o [1]
      .text            inited   0x8000'6d74    0x964  fsl_str.o [1]
      .text            inited   0x8000'76d8     0x34  fsl_usdhc.o [1]
      .text            inited   0x8000'770c    0x316  GARAGE.o [1]
      .text            inited   0x8000'7a24    0x3fc  isr.o [1]
      .text            inited   0x8000'7e20    0x174  lpuart_adapter.o [1]
      .text            inited   0x8000'7f94    0x200  main.o [1]
      .text            inited   0x8000'8194   0x1c7c  OLED.o [1]
      .text            inited   0x8000'9e10    0x19c  RING.o [1]
      .text            inited   0x8000'9fac    0xb2a  SCANCALCULATE.o [1]
      .text            inited   0x8000'aad8    0x2ce  SEEKFREE_IIC.o [1]
      .text            inited   0x8000'ada8    0x11c  SEEKFREE_MPU6050.o [1]
      .text            inited   0x8000'aec4    0x11c  SEEKFREE_MT9V03X.o [1]
      .text            inited   0x8000'afe0    0x184  SEEKFREE_MT9V03X_CSI.o [1]
      .text            inited   0x8000'b164    0x6ac  SEEKFREE_OLED.o [1]
      .text            inited   0x8000'b810    0x3d0  SEEKFREE_PRINTF.o [1]
      .text            inited   0x8000'bbe0     0x34  SEEKFREE_SCC8660.o [1]
      .text            inited   0x8000'bc14    0x1fc  serial_manager.o [1]
      .text            inited   0x8000'be10     0xd4  serial_port_uart.o [1]
      .text            inited   0x8000'bee4    0x468  SPEEDCIRCLE.o [1]
      .text            inited   0x8000'c34c    0x17a  usb_device_dci.o [1]
      .text            inited   0x8000'c4c8    0x5e0  usb_device_ehci.o [1]
      .text            inited   0x8000'caa8     0x98  VCAN_key.o [1]
      .text            inited   0x8000'cb40    0x2bc  zf_adc.o [1]
      .text            inited   0x8000'cdfc     0x2c  zf_camera.o [1]
      .text            inited   0x8000'ce28    0x374  zf_csi.o [1]
      .text            inited   0x8000'd19c    0x194  zf_gpio.o [1]
      .text            inited   0x8000'd330   0x6ab0  zf_iomuxc.o [1]
      .text            inited   0x8001'3de0    0x160  zf_pit.o [1]
      .text            inited   0x8001'3f40    0x7ec  zf_pwm.o [1]
      .text            inited   0x8001'472c    0x768  zf_qtimer.o [1]
      .text            inited   0x8001'4e94    0x124  zf_systick.o [1]
      .text            inited   0x8001'4fb8    0x458  zf_uart.o [1]
      .text            inited   0x8001'5410     0x20  zf_usb_cdc.o [1]
      .text            inited   0x8001'5430     0x1e  sqrt.o [3]
      .text            inited   0x8001'5450     0x66  ABImemset.o [4]
      .text            inited   0x8001'54b8     0xa6  ABImemcpy.o [4]
      .text            inited   0x8001'5560      0x6  ABImemclr4.o [4]
      .text            inited   0x8001'5568    0x274  I64DivMod.o [4]
      .text            inited   0x8001'57dc     0x36  strlen.o [4]
      .text            inited   0x8001'5814     0x5c  DblToS64.o [3]
      .text            inited   0x8001'5870     0x52  S64ToDbl.o [3]
      .text            inited   0x8001'58c4     0x9e  modf.o [3]
      .text            inited   0x8001'5964    0x570  pow64.o [3]
      .text            inited   0x8001'5ed4     0x28  printf.o [2]
      .text            inited   0x8001'5efc     0x32  ABImemset48.o [4]
      .text            inited   0x8001'5f30      0x2  I64DivZer.o [4]
      .text            inited   0x8001'5f34    0x368  iar_Exp64.o [3]
      .text            inited   0x8001'629c     0x88  frexp.o [3]
      .text            inited   0x8001'6324    0x104  ldexp.o [3]
      .text            inited   0x8001'6428     0x58  memchr.o [4]
      Veneer           inited   0x8001'6480      0x8  - Linker created -
      .text            inited   0x8001'6488      0xa  cexit.o [4]
      .text            inited   0x8001'6494    0xdf2  xprintffull_nomb.o [2]
      .text            inited   0x8001'7288     0x2e  DblCmpLe.o [3]
      .text            inited   0x8001'72b8     0x2e  DblCmpGe.o [3]
      Veneer           inited   0x8001'72e8      0x8  - Linker created -
      .text            inited   0x8001'72f0     0x40  xfail_s.o [2]
      .text            inited   0x8001'7330     0x16  strchr.o [4]
      .rodata          inited   0x8001'7346      0x2  fsl_csi.o [1]
      .rodata          inited   0x8001'7348      0x2  fsl_csi.o [1]
      .rodata          inited   0x8001'734a      0x2  fsl_pit.o [1]
      .text            inited   0x8001'734c     0x10  common.o [1]
      .text            inited   0x8001'735c      0x8  zf_vector.o [1]
      .text            inited   0x8001'7364      0x8  zf_vector.o [1]
      .text            inited   0x8001'736c      0x8  zf_vector.o [1]
      .text            inited   0x8001'7374      0x8  zf_vector.o [1]
      .text            inited   0x8001'737c      0x8  zf_vector.o [1]
      .text            inited   0x8001'7384      0x8  zf_vector.o [1]
      .text            inited   0x8001'738c      0x8  zf_vector.o [1]
      .text            inited   0x8001'7394      0x8  zf_vector.o [1]
      .text            inited   0x8001'739c      0x8  zf_vector.o [1]
      .text            inited   0x8001'73a4      0x8  zf_vector.o [1]
      .text            inited   0x8001'73ac      0x8  zf_vector.o [1]
      .text            inited   0x8001'73b4      0x8  zf_vector.o [1]
      .text            inited   0x8001'73bc      0x8  zf_vector.o [1]
      .text            inited   0x8001'73c4      0x8  zf_vector.o [1]
      .text            inited   0x8001'73cc      0x8  zf_vector.o [1]
      .text            inited   0x8001'73d4      0x8  zf_vector.o [1]
      .text            inited   0x8001'73dc      0x8  zf_vector.o [1]
      .text            inited   0x8001'73e4      0x2  zf_vector.o [1]
      .text            inited   0x8001'73e6      0x2  zf_vector.o [1]
      .text            inited   0x8001'73e8      0x2  zf_vector.o [1]
      .text            inited   0x8001'73ea      0x8  zf_vector.o [1]
      .text            inited   0x8001'73f2      0x8  zf_vector.o [1]
      .text            inited   0x8001'73fa      0x8  zf_vector.o [1]
      .text            inited   0x8001'7402      0x8  zf_vector.o [1]
      .text            inited   0x8001'740a      0x8  zf_vector.o [1]
      .text            inited   0x8001'7412      0x8  zf_vector.o [1]
      .text            inited   0x8001'741a      0x8  zf_vector.o [1]
      .text            inited   0x8001'7422      0x8  zf_vector.o [1]
      .text            inited   0x8001'742a      0x8  zf_vector.o [1]
      .text            inited   0x8001'7432      0x8  zf_vector.o [1]
      .text            inited   0x8001'743a      0x8  zf_vector.o [1]
      .text            inited   0x8001'7442      0x8  zf_vector.o [1]
      .text            inited   0x8001'744a      0x8  zf_vector.o [1]
      .text            inited   0x8001'7452      0x8  zf_vector.o [1]
      .text            inited   0x8001'745a      0x8  zf_vector.o [1]
      .text            inited   0x8001'7462      0x8  zf_vector.o [1]
      .text            inited   0x8001'746a      0x8  zf_vector.o [1]
      .text            inited   0x8001'7472      0x8  zf_vector.o [1]
      .text            inited   0x8001'747a      0x2  zf_vector.o [1]
      .text            inited   0x8001'747c      0x2  zf_vector.o [1]
      .text            inited   0x8001'747e      0x2  zf_vector.o [1]
      .text            inited   0x8001'7480      0x2  zf_vector.o [1]
      .text            inited   0x8001'7482      0x2  zf_vector.o [1]
      .text            inited   0x8001'7484      0x2  zf_vector.o [1]
      .text            inited   0x8001'7486      0x2  zf_vector.o [1]
      .text            inited   0x8001'7488      0x2  zf_vector.o [1]
      .text            inited   0x8001'748a      0x2  zf_vector.o [1]
      .text            inited   0x8001'748c      0x2  zf_vector.o [1]
      .text            inited   0x8001'748e      0x2  zf_vector.o [1]
      .text            inited   0x8001'7490      0x2  zf_vector.o [1]
      .text            inited   0x8001'7492      0x2  zf_vector.o [1]
      .text            inited   0x8001'7494      0x2  zf_vector.o [1]
      .text            inited   0x8001'7496      0x2  zf_vector.o [1]
      .text            inited   0x8001'7498      0x2  zf_vector.o [1]
      .text            inited   0x8001'749a      0x2  zf_vector.o [1]
      .text            inited   0x8001'749c      0x8  zf_vector.o [1]
      .text            inited   0x8001'74a4      0x8  zf_vector.o [1]
      .text            inited   0x8001'74ac      0x8  zf_vector.o [1]
      .text            inited   0x8001'74b4      0x8  zf_vector.o [1]
      .text            inited   0x8001'74bc      0x8  zf_vector.o [1]
      .text            inited   0x8001'74c4      0x2  zf_vector.o [1]
      .text            inited   0x8001'74c6      0x2  zf_vector.o [1]
      .text            inited   0x8001'74c8      0x2  zf_vector.o [1]
      .text            inited   0x8001'74ca      0x2  zf_vector.o [1]
      .text            inited   0x8001'74cc      0x2  zf_vector.o [1]
      .text            inited   0x8001'74ce      0x2  zf_vector.o [1]
      .text            inited   0x8001'74d0      0x2  zf_vector.o [1]
      .text            inited   0x8001'74d2      0x2  zf_vector.o [1]
      .text            inited   0x8001'74d4      0x2  zf_vector.o [1]
      .text            inited   0x8001'74d6      0x2  zf_vector.o [1]
      .text            inited   0x8001'74d8      0x2  zf_vector.o [1]
      .text            inited   0x8001'74da      0x2  zf_vector.o [1]
      .text            inited   0x8001'74dc      0x2  zf_vector.o [1]
      .text            inited   0x8001'74de      0x2  zf_vector.o [1]
      .text            inited   0x8001'74e0      0x2  zf_vector.o [1]
      .text            inited   0x8001'74e2      0x2  zf_vector.o [1]
      .text            inited   0x8001'74e4      0x2  zf_vector.o [1]
      .text            inited   0x8001'74e6      0x2  zf_vector.o [1]
      .text            inited   0x8001'74e8      0x2  zf_vector.o [1]
      .text            inited   0x8001'74ea      0x2  zf_vector.o [1]
      .text            inited   0x8001'74ec      0x2  zf_vector.o [1]
      .text            inited   0x8001'74ee      0x2  zf_vector.o [1]
      .text            inited   0x8001'74f0      0x2  zf_vector.o [1]
      .text            inited   0x8001'74f2      0x2  zf_vector.o [1]
      .text            inited   0x8001'74f4      0x2  zf_vector.o [1]
      .text            inited   0x8001'74f6      0x2  zf_vector.o [1]
      .text            inited   0x8001'74f8      0x8  zf_vector.o [1]
      .text            inited   0x8001'7500      0x8  zf_vector.o [1]
      .text            inited   0x8001'7508      0x2  zf_vector.o [1]
      .text            inited   0x8001'750a      0x2  zf_vector.o [1]
      .text            inited   0x8001'750c      0x2  zf_vector.o [1]
      .text            inited   0x8001'750e      0x2  zf_vector.o [1]
      .text            inited   0x8001'7510      0x2  zf_vector.o [1]
      .text            inited   0x8001'7512      0x2  zf_vector.o [1]
      .text            inited   0x8001'7514      0x2  zf_vector.o [1]
      .text            inited   0x8001'7516      0x2  zf_vector.o [1]
      .text            inited   0x8001'7518      0x2  zf_vector.o [1]
      .text            inited   0x8001'751a      0x2  zf_vector.o [1]
      .text            inited   0x8001'751c      0x2  zf_vector.o [1]
      .text            inited   0x8001'751e      0x2  zf_vector.o [1]
      .text            inited   0x8001'7520      0x2  zf_vector.o [1]
      .text            inited   0x8001'7522      0x2  zf_vector.o [1]
      .text            inited   0x8001'7524      0x2  zf_vector.o [1]
      .text            inited   0x8001'7526      0x8  zf_vector.o [1]
      .text            inited   0x8001'752e      0x8  zf_vector.o [1]
      .text            inited   0x8001'7536      0x2  zf_vector.o [1]
      .text            inited   0x8001'7538      0x8  zf_vector.o [1]
      .text            inited   0x8001'7540      0x8  zf_vector.o [1]
      .text            inited   0x8001'7548      0x8  zf_vector.o [1]
      .text            inited   0x8001'7550      0x2  zf_vector.o [1]
      .text            inited   0x8001'7552      0x2  zf_vector.o [1]
      .text            inited   0x8001'7554      0x2  zf_vector.o [1]
      .text            inited   0x8001'7556      0x2  zf_vector.o [1]
      .text            inited   0x8001'7558      0x2  zf_vector.o [1]
      .text            inited   0x8001'755a      0x2  zf_vector.o [1]
      .text            inited   0x8001'755c      0x2  zf_vector.o [1]
      .text            inited   0x8001'755e      0x2  zf_vector.o [1]
      .text            inited   0x8001'7560      0x2  zf_vector.o [1]
      .text            inited   0x8001'7562      0x2  zf_vector.o [1]
      .text            inited   0x8001'7564      0x2  zf_vector.o [1]
      .text            inited   0x8001'7566      0x2  zf_vector.o [1]
      .text            inited   0x8001'7568      0x2  zf_vector.o [1]
      .text            inited   0x8001'756a      0x2  zf_vector.o [1]
      .text            inited   0x8001'756c      0x2  zf_vector.o [1]
      .text            inited   0x8001'756e      0x2  zf_vector.o [1]
      .text            inited   0x8001'7570      0x2  zf_vector.o [1]
      .text            inited   0x8001'7572      0x2  zf_vector.o [1]
      .text            inited   0x8001'7574      0x2  zf_vector.o [1]
      .text            inited   0x8001'7576      0x2  zf_vector.o [1]
      .text            inited   0x8001'7578      0x2  zf_vector.o [1]
      .text            inited   0x8001'757a      0x2  zf_vector.o [1]
      .text            inited   0x8001'757c      0x2  zf_vector.o [1]
      .text            inited   0x8001'757e      0x2  zf_vector.o [1]
      .text            inited   0x8001'7580      0x2  zf_vector.o [1]
      .text            inited   0x8001'7582      0x2  zf_vector.o [1]
      .text            inited   0x8001'7584      0x2  zf_vector.o [1]
      .text            inited   0x8001'7586      0x2  zf_vector.o [1]
      .text            inited   0x8001'7588      0x2  zf_vector.o [1]
      .text            inited   0x8001'758a      0x2  zf_vector.o [1]
      .text            inited   0x8001'758c      0x2  zf_vector.o [1]
      .text            inited   0x8001'758e      0x2  zf_vector.o [1]
      .text            inited   0x8001'7590      0x2  zf_vector.o [1]
      .text            inited   0x8001'7592      0x2  zf_vector.o [1]
      .text            inited   0x8001'7594      0x2  zf_vector.o [1]
      .text            inited   0x8001'7596      0x8  zf_vector.o [1]
      .text            inited   0x8001'759e      0x8  zf_vector.o [1]
      .text            inited   0x8001'75a6      0x8  zf_vector.o [1]
      .text            inited   0x8001'75ae      0x2  zf_vector.o [1]
      .text            inited   0x8001'75b0      0x8  zf_vector.o [1]
      .text            inited   0x8001'75b8      0x2  zf_vector.o [1]
      .text            inited   0x8001'75ba      0x2  zf_vector.o [1]
      .text            inited   0x8001'75bc      0x2  zf_vector.o [1]
      .text            inited   0x8001'75be      0x2  zf_vector.o [1]
      .text            inited   0x8001'75c0      0x2  zf_vector.o [1]
      .text            inited   0x8001'75c2      0x8  abs.o [2]
      .text            inited   0x8001'75ca     0x16  xprout.o [2]
      .text            inited   0x8001'75e0      0x4  exit.o [2]
      .text            inited   0x8001'75e4     0x20  putchar.o [2]
      .text            inited   0x8001'7604      0xe  DblToS32.o [3]
      .text            inited   0x8001'7612      0xe  DblToU32.o [3]
      .text            inited   0x8001'7620     0x12  DblDiv.o [3]
      .text            inited   0x8001'7632     0x12  DblMul.o [3]
      .text            inited   0x8001'7644     0x12  DblSub.o [3]
      .text            inited   0x8001'7656      0xe  S32ToDbl.o [3]
      .text            inited   0x8001'7664      0xe  U32ToDbl.o [3]
                              - 0x8001'7672  0x17272

Unused ranges:

         From           To        Size
         ----           --        ----
  0x2002'7231  0x2002'723f         0xf
  0x2006'bb58  0x2006'efff      0x34a8
  0x7001'7921  0x703f'ffff   0x3e'86df
  0x8000'0000  0x8000'03ff       0x400
  0x8001'7672  0x81df'ffff  0x1de'898e


*******************************************************************************
*** INIT TABLE
***

          Address      Size
          -------      ----
Zero (__iar_zero_init3)
    2 destination ranges, total size 0x44918:
          0x2002'7240  0x3b318
          0x2006'2558   0x9600

Copy/lz77 (__iar_lz77_init3)
    1 source range, total size 0xd7f2 (58% of destination):
          0x7000'294e   0xd7f2
    1 destination range, total size 0x17272:
          0x8000'0400  0x17272

Copy/lz77 (__iar_lz77_init3)
    1 source range, total size 0x77e1 (19% of destination):
          0x7001'0140   0x77e1
    1 destination range, total size 0x27231:
          0x2000'0000  0x27231



*******************************************************************************
*** MODULE SUMMARY
***

    Module                              ro code  rw code  ro data  rw data
    ------                              -------  -------  -------  -------
command line/config:
    ----------------------------------------------------------------------
    Total:

C:\Users\a1876\Desktop\RT1064_TEN_DAYS\Project\IAR\program\nor_sdram_zf_dtcm\Obj: [1]
    ADCSAMPLE.o                                      388      226       84
    ALLINIT.o                                        708      451      108
    DIRCIRCLE.o                                      684      401       82
    GARAGE.o                                         790      461      779
    OLED.o                                         7 292    4 601      649
    RING.o                                           412      241        9
    SCANCALCULATE.o                                2 858   32 304  361 728
    SEEKFREE_FONT.o                                           322      552
    SEEKFREE_IIC.o                                   718      419        2
    SEEKFREE_MPU6050.o                               284      167       12
    SEEKFREE_MT9V03X.o                               284      166   22 566
    SEEKFREE_MT9V03X_CSI.o                           388      239   16 514
    SEEKFREE_OLED.o                                1 708    1 058      108
    SEEKFREE_PRINTF.o                                976      569
    SEEKFREE_SCC8660.o                                52       31   38 400
    SPEEDCIRCLE.o                                  1 128      659       68
    VCAN_key.o                                       152       92       12
    board.o                                          824      480
    clock_config.o                                 1 780    1 113      128
    common.o                                          16        9        1
    evkmimxrt1064_flexspi_nor_config.o                        512
    evkmimxrt1064_sdram_ini_dcd.o                           1 072
    fsl_adc.o                                        716      632      368
    fsl_assert.o                                      28       41       44
    fsl_clock.o                                    1 852    1 148      124
    fsl_csi.o                                      1 576    1 070      268
    fsl_debug_console.o                              502      399      216
    fsl_edma.o                                     1 148      737      240
    fsl_enet.o                                       236      228      180
    fsl_flexcan.o                                    152      172      164
    fsl_flexio.o                                     100       58       24
    fsl_flexio_camera.o                               60       35
    fsl_flexspi_nor_boot.o                                     48
    fsl_gpio.o                                       498      469      304
    fsl_gpt.o                                        560      548      380
    fsl_lpi2c.o                                      144       84       48
    fsl_lpspi.o                                      240      236      192
    fsl_lpuart.o                                   2 540    1 733      472
    fsl_pit.o                                        324      335      250
    fsl_pwm.o                                      2 572    1 753      436
    fsl_qtmr.o                                       452      427      280
    fsl_sai.o                                        312      252      160
    fsl_sdmmc_event.o                                 80       47       12
    fsl_sdmmc_host.o                                 204      191      165
    fsl_spdif.o                                       68       39       16
    fsl_str.o                                      2 404    1 402
    fsl_usdhc.o                                       52       37       28
    isr.o                                          1 020      597       32
    lpuart_adapter.o                                 372      380      280
    main.o                                           512      299       16
    serial_manager.o                                 508      401      180
    serial_port_uart.o                               212      214      156
    startup_MIMXRT1064.o                    108
    system_MIMXRT1064.o                     382                 1        4
    usb_device_dci.o                                 378      220
    usb_device_ehci.o                              1 504      878
    zf_adc.o                                         700      538      232
    zf_camera.o                                       44       26       28
    zf_csi.o                                         884      625      220
    zf_gpio.o                                        404      315      164
    zf_iomuxc.o                                   27 312   16 024      176
    zf_pit.o                                         352      276      120
    zf_pwm.o                                       2 028    1 232      100
    zf_qtimer.o                                    1 896    1 155      100
    zf_systick.o                                     292      273      177
    zf_uart.o                                      1 112      702      116
    zf_usb_cdc.o                                      32       18       16
    zf_vector.o                                      614    1 382
    ----------------------------------------------------------------------
    Total:                                  490   78 438   83 270  448 290

dl7M_tln.a: [2]
    abort.o                                   6
    abs.o                                              8        5
    exit.o                                             4        3
    low_level_init.o                          4
    printf.o                                          40       23
    putchar.o                                         32       18
    xfail_s.o                                         64       37        4
    xprintffull_nomb.o                             3 570    2 082
    xprout.o                                          22       12
    ----------------------------------------------------------------------
    Total:                                   10    3 740    2 180        4

m7M_tlv.a: [3]
    DblCmpGe.o                                        46       28
    DblCmpLe.o                                        46       28
    DblDiv.o                                          18       10
    DblMul.o                                          18       11
    DblSub.o                                          18       10
    DblToS32.o                                        14        9
    DblToS64.o                                        92       54
    DblToU32.o                                        14        8
    S32ToDbl.o                                        14        8
    S64ToDbl.o                                        82       48
    U32ToDbl.o                                        14        9
    fpinit_M.o                               34
    frexp.o                                          136       80
    iar_Exp64.o                                      872      509
    ldexp.o                                          260      151
    modf.o                                           158       93
    pow64.o                                        1 392    1 428    1 056
    sqrt.o                                            30       18
    ----------------------------------------------------------------------
    Total:                                   34    3 224    2 502    1 056

rt7M_tl.a: [4]
    ABImemclr4.o                                       6        5
    ABImemcpy.o                                      166       98
    ABImemset.o                                      102       60
    ABImemset48.o                                     50       30
    I64DivMod.o                                      628      367
    I64DivZer.o                                        2        2
    cexit.o                                           10        6
    cmain.o                                  30
    cstartup_M.o                             12
    data_init.o                              40
    lz77_init.o                             502
    memchr.o                                          88       51
    strchr.o                                          22       13
    strlen.o                                          54       32
    vector_table_M.o                         64
    zero_init3.o                             58
    ----------------------------------------------------------------------
    Total:                                  706    1 128      664

shb_l.a: [5]
    exit.o                                   20
    ----------------------------------------------------------------------
    Total:                                   20

    Gaps                                              38        2       61
    Linker created                           16       16       91    4 096
--------------------------------------------------------------------------
    Grand Total:                          1 276   86 584   88 709  453 507


*******************************************************************************
*** ENTRY LIST
***

Entry                       Address    Size  Type      Object
-----                       -------    ----  ----      ------
.iar.init_table$$Base   0x7000'28c0           --   Gb  - Linker created -
.iar.init_table$$Limit  0x7000'2910           --   Gb  - Linker created -
?main                   0x7000'2921          Code  Gb  cmain.o [4]
ADC                     0x2002'7240     0xc  Data  Gb  ADCSAMPLE.o [1]
ADCL                    0x2002'72c2     0x2  Data  Gb  DIRCIRCLE.o [1]
ADCL0                   0x2002'72ba     0x2  Data  Gb  DIRCIRCLE.o [1]
ADCLL                   0x2002'72c6     0x2  Data  Gb  DIRCIRCLE.o [1]
ADCLL0                  0x2002'72be     0x2  Data  Gb  DIRCIRCLE.o [1]
ADCLY                   0x2002'72ca     0x2  Data  Gb  DIRCIRCLE.o [1]
ADCN                    0x2002'71c4     0xc  Data  Gb  zf_adc.o [1]
ADCR                    0x2002'72c4     0x2  Data  Gb  DIRCIRCLE.o [1]
ADCR0                   0x2002'72bc     0x2  Data  Gb  DIRCIRCLE.o [1]
ADCRR                   0x2002'72c8     0x2  Data  Gb  DIRCIRCLE.o [1]
ADCRR0                  0x2002'72c0     0x2  Data  Gb  DIRCIRCLE.o [1]
ADCRY                   0x2002'72cc     0x2  Data  Gb  DIRCIRCLE.o [1]
ADCSample               0x8000'24c3    0xd0  Code  Gb  ADCSAMPLE.o [1]
ADCTest                 0x8000'2435    0x8e  Code  Gb  ADCSAMPLE.o [1]
ADC_DoAutoCalibration   0x8000'3785    0x74  Code  Gb  fsl_adc.o [1]
ADC_EnableHardwareTrigger
                        0x8000'35f3    0x1c  Code  Lc  fsl_adc.o [1]
ADC_GetChannelConversionValue
                        0x8000'35ab    0x22  Code  Lc  fsl_adc.o [1]
ADC_GetChannelConversionValue
                        0x8000'cb41    0x22  Code  Lc  zf_adc.o [1]
ADC_GetChannelStatusFlags
                        0x8000'35cd    0x26  Code  Lc  fsl_adc.o [1]
[...]
csi_start               0x8000'd16b     0xe  Code  Gb  zf_csi.o [1]
cursor                  0x2002'782c     0x1  Data  Gb  OLED.o [1]
dcd_data                0x7000'1030   0x430  Data  Gb  evkmimxrt1064_sdram_ini_dcd.o [1]
dip                     0x2002'7294     0x4  Data  Gb  ALLINIT.o [1]
dirpid                  0x2002'72ec    0x1c  Data  Gb  DIRCIRCLE.o [1]
dma_restart             0x8000'ce09    0x14  Code  Gb  zf_camera.o [1]
eachLenth               0x8000'a663    0x54  Code  Gb  SCANCALCULATE.o [1]
eleArray                0x2003'b0dc    0xa0  Data  Gb  SCANCALCULATE.o [1]
eleBegin                0x2003'b17c    0xa0  Data  Gb  SCANCALCULATE.o [1]
eleEnd                  0x2003'b21c    0xa0  Data  Gb  SCANCALCULATE.o [1]
eleLenth                0x2003'b2bc    0xa0  Data  Gb  SCANCALCULATE.o [1]
eleNum                  0x2004'ebe0     0x4  Data  Gb  SCANCALCULATE.o [1]
elementFind             0x8000'a5ef    0x74  Code  Gb  SCANCALCULATE.o [1]
errorK                  0x2002'71d8     0x4  Data  Gb  DIRCIRCLE.o [1]
exit                    0x8001'75e1     0x4  Code  Gb  exit.o [2]
flag_status             0x2004'ebec     0x4  Data  Gb  SCANCALCULATE.o [1]
flexio_camera_type      0x2002'72b8     0x1  Data  Gb  common.o [1]
flexio_flag_clear       0x8000'cdfd     0xc  Code  Gb  zf_camera.o [1]
frexp                   0x8001'629d          Code  Gb  frexp.o [3]
frexpl                  0x8001'629d          Code  Gb  frexp.o [3]
fullCameraBufferAddr    0x2006'253c     0x4  Data  Gb  zf_csi.o [1]
g_eventCardDetect       0x2002'7498     0x4  Data  Lc  fsl_sdmmc_event.o [1]
g_eventTimeMilliseconds
                        0x2002'74a0     0x4  Data  Gb  fsl_sdmmc_event.o [1]
g_eventTransferComplete
                        0x2002'749c     0x4  Data  Lc  fsl_sdmmc_event.o [1]
g_rtcXtalFreq           0x2002'730c     0x4  Data  Gb  fsl_clock.o [1]
g_serialHandle          0x2002'7334     0x4  Data  Gb  fsl_debug_console.o [1]
g_usdhcHandle           0x2002'74a4    0x28  Data  Gb  fsl_sdmmc_host.o [1]
g_xtalFreq              0x2002'7308     0x4  Data  Gb  fsl_clock.o [1]
get_accdata             0x8000'ae23    0x44  Code  Gb  SEEKFREE_MPU6050.o [1]
get_config              0x8000'af57    0x66  Code  Gb  SEEKFREE_MT9V03X.o [1]
get_gyro                0x8000'ae67    0x44  Code  Gb  SEEKFREE_MPU6050.o [1]
gpio_dir                0x8000'd2cb    0x58  Code  Gb  zf_gpio.o [1]
gpio_get                0x8000'd2ad    0x1e  Code  Gb  zf_gpio.o [1]
gpio_init               0x8000'd1ff    0x6c  Code  Gb  zf_gpio.o [1]
gpio_set                0x8000'd26b    0x42  Code  Gb  zf_gpio.o [1]
gpt_init                0x8001'4f15    0x36  Code  Gb  zf_systick.o [1]
gpt_init_flag           0x2006'2540     0x1  Data  Lc  zf_systick.o [1]
gyro                    0x2002'7824     0x8  Data  Gb  main.o [1]
gyro_offset             0x2002'7298     0xc  Data  Gb  ALLINIT.o [1]
gyro_x_i                0x2002'780c     0x4  Data  Gb  isr.o [1]
gyro_x_i_ruku           0x2002'74f8     0x4  Data  Gb  GARAGE.o [1]
gyro_y_i                0x2002'7810     0x4  Data  Gb  isr.o [1]
gyro_z_i                0x2002'7814     0x4  Data  Gb  isr.o [1]
hillFlag                0x2002'74f0     0x1  Data  Gb  GARAGE.o [1]
hillProcess             0x8000'770d    0x4e  Code  Gb  GARAGE.o [1]
image_vector_table      0x7000'1000    0x20  Data  Gb  fsl_flexspi_nor_boot.o [1]
initCamaraWave          0x8000'a951    0x56  Code  Gb  SCANCALCULATE.o [1]
init_status             0x8000'a829    0x72  Code  Gb  SCANCALCULATE.o [1]
inring_nd               0x2002'7857     0x1  Data  Gb  RING.o [1]
inring_st               0x2002'7856     0x1  Data  Gb  RING.o [1]
interval                0x2002'71f8     0x4  Data  Gb  SCANCALCULATE.o [1]
iomuxc_pinconf          0x8000'd3bd  0x694c  Code  Gb  zf_iomuxc.o [1]
isTurnEnable            0x2002'72d8     0x4  Data  Gb  DIRCIRCLE.o [1]
jumpnum                 0x2002'74f3     0x1  Data  Gb  GARAGE.o [1]
jumpnum_b               0x2002'74f4     0x1  Data  Gb  GARAGE.o [1]
kFlatThr                0x2002'7204     0x4  Data  Gb  SCANCALCULATE.o [1]
kTestThrH               0x2002'71fc     0x4  Data  Gb  SCANCALCULATE.o [1]
kTestThrL               0x2002'7200     0x4  Data  Gb  SCANCALCULATE.o [1]
key_check               0x8000'cb13    0x2a  Code  Gb  VCAN_key.o [1]
key_get                 0x8000'caf5    0x1e  Code  Gb  VCAN_key.o [1]
key_init                0x8000'caa9    0x4c  Code  Gb  VCAN_key.o [1]
ldexp                   0x8001'6339          Code  Gb  ldexp.o [3]
ldexpl                  0x8001'6339          Code  Gb  ldexp.o [3]
leftSpeedInt            0x2006'24cc     0x4  Data  Gb  SPEEDCIRCLE.o [1]
lnbias                  0x8000'0400   0x420  Data  Lc  pow64.o [3]
lp                      0x2002'72b4     0x4  Data  Gb  ALLINIT.o [1]
m_boot_hdr_conf_start {Abs}
                        0x7000'0000          Data  Gb  <internal module>
main                    0x8000'7f9d    0x10  Code  Gb  main.o [1]
maxangle                0x2002'7840     0x4  Data  Gb  OLED.o [1]
maxposL                 0x2002'7834     0x4  Data  Gb  OLED.o [1]
maxposR                 0x2002'7838     0x4  Data  Gb  OLED.o [1]
maxservo                0x2002'783c     0x4  Data  Gb  OLED.o [1]
memchr                  0x8001'6429          Code  Gb  memchr.o [4]
minangle                0x2002'71f0     0x4  Data  Gb  OLED.o [1]
minposL                 0x2002'71e4     0x4  Data  Gb  OLED.o [1]
minposR                 0x2002'71e8     0x4  Data  Gb  OLED.o [1]
minservo                0x2002'71ec     0x4  Data  Gb  OLED.o [1]
modf                    0x8001'58c5          Code  Gb  modf.o [3]
modfl                   0x8001'58c5          Code  Gb  modf.o [3]
mpu6050_init            0x8000'adcf    0x54  Code  Gb  SEEKFREE_MPU6050.o [1]
mpu6050_self1_check     0x8000'ada9    0x26  Code  Gb  SEEKFREE_MPU6050.o [1]
mpu_acc_x               0x2005'8c36     0x2  Data  Gb  SEEKFREE_MPU6050.o [1]
mpu_acc_y               0x2005'8c38     0x2  Data  Gb  SEEKFREE_MPU6050.o [1]
mpu_acc_z               0x2005'8c3a     0x2  Data  Gb  SEEKFREE_MPU6050.o [1]
mpu_gyro_x              0x2005'8c30     0x2  Data  Gb  SEEKFREE_MPU6050.o [1]
mpu_gyro_y              0x2005'8c32     0x2  Data  Gb  SEEKFREE_MPU6050.o [1]
mpu_gyro_z              0x2005'8c34     0x2  Data  Gb  SEEKFREE_MPU6050.o [1]
mt9v03x_csi1_image      0x2005'e480  0x2000  Data  Gb  SEEKFREE_MT9V03X_CSI.o [1]
mt9v03x_csi2_image      0x2006'0480  0x2000  Data  Gb  SEEKFREE_MT9V03X_CSI.o [1]
mt9v03x_csi_finish_flag
                        0x2006'24c0     0x1  Data  Gb  SEEKFREE_MT9V03X_CSI.o [1]
mt9v03x_csi_image       0x2006'2480     0x4  Data  Gb  SEEKFREE_MT9V03X_CSI.o [1]
mt9v03x_csi_init        0x8000'b08b    0x98  Code  Gb  SEEKFREE_MT9V03X_CSI.o [1]
mt9v03x_image           0x2005'8c3c  0x5820  Data  Gb  SEEKFREE_MT9V03X.o [1]
mt9v03x_vsync           0x8000'afbd    0x14  Code  Gb  SEEKFREE_MT9V03X.o [1]
nowEleNum               0x2004'ebe4     0x4  Data  Gb  SCANCALCULATE.o [1]
nowPos                  0x2002'7214     0x4  Data  Gb  SCANCALCULATE.o [1]
nowPosL                 0x2002'720c     0x4  Data  Gb  SCANCALCULATE.o [1]
nowPosR                 0x2002'7210     0x4  Data  Gb  SCANCALCULATE.o [1]
number_conversion_ascii
                        0x8000'b811    0x84  Code  Gb  SEEKFREE_PRINTF.o [1]
oled_6x8                0x8000'1b74   0x228  Data  Gb  SEEKFREE_FONT.o [1]
oled_dis_bmp            0x8000'b525   0x2ec  Code  Gb  SEEKFREE_OLED.o [1]
oled_fill               0x8000'b393    0x42  Code  Gb  SEEKFREE_OLED.o [1]
oled_init               0x8000'b21d   0x118  Code  Gb  SEEKFREE_OLED.o [1]
oled_p6x8str            0x8000'b415    0x78  Code  Gb  SEEKFREE_OLED.o [1]
oled_printf_int32       0x8000'b48d    0x80  Code  Gb  SEEKFREE_OLED.o [1]
oled_putpixel           0x8000'b3d5    0x40  Code  Gb  SEEKFREE_OLED.o [1]
oled_set_pos            0x8000'b335    0x5e  Code  Gb  SEEKFREE_OLED.o [1]
oled_wrcmd              0x8000'b1c1    0x5c  Code  Gb  SEEKFREE_OLED.o [1]
oled_wrdat              0x8000'b165    0x5c  Code  Gb  SEEKFREE_OLED.o [1]
page                    0x2002'7830     0x4  Data  Gb  OLED.o [1]
period                  0x2002'7218     0x4  Data  Gb  SCANCALCULATE.o [1]
pid_l                   0x2006'24dc    0x14  Data  Gb  SPEEDCIRCLE.o [1]
pid_r                   0x2006'24f0    0x14  Data  Gb  SPEEDCIRCLE.o [1]
pit                     0x2002'77fc     0x1  Data  Gb  isr.o [1]
pit_init                0x8001'3ecf    0x22  Code  Gb  zf_pit.o [1]
pit_interrupt           0x8001'3ef1    0x3e  Code  Gb  zf_pit.o [1]
pixel_status            0x2004'edf0  0x9c40  Data  Gb  SCANCALCULATE.o [1]
point_camara            0x2005'8a30   0x200  Data  Gb  SCANCALCULATE.o [1]
point_status            0x2004'ebf0   0x200  Data  Gb  SCANCALCULATE.o [1]
posL                    0x2000'9c40  0x9c40  Data  Gb  SCANCALCULATE.o [1]
posR                    0x2001'3880  0x9c40  Data  Gb  SCANCALCULATE.o [1]
pow                     0x8001'5ed1     0x4  Code  Gb  pow64.o [3]
powl                    0x8001'5ed1     0x4  Code  Gb  pow64.o [3]
printPoint_camara       0x8000'a9bd    0x96  Code  Gb  SCANCALCULATE.o [1]
printPoint_status       0x8000'a89b    0x96  Code  Gb  SCANCALCULATE.o [1]
print_status            0x2002'7220     0x4  Data  Gb  SCANCALCULATE.o [1]
printf                  0x8001'5ed5    0x28  Code  Gb  printf.o [2]
printf_reverse_order    0x8000'b895    0x24  Code  Gb  SEEKFREE_PRINTF.o [1]
pureError               0x2002'72e0     0x8  Data  Gb  DIRCIRCLE.o [1]
putchar                 0x8001'75e5    0x20  Code  Gb  putchar.o [2]
pwm_duty                0x8001'468d    0x94  Code  Gb  zf_pwm.o [1]
pwm_init                0x8001'4495   0x1f8  Code  Gb  zf_pwm.o [1]
pwm_iomuxc              0x8001'3f8d   0x508  Code  Gb  zf_pwm.o [1]
qspiflash_config        0x7000'0000   0x200  Data  Gb  evkmimxrt1064_flexspi_nor_config.o [1]
qtimer_iomuxc           0x8001'475d   0x628  Code  Gb  zf_qtimer.o [1]
qtimer_quad_clear       0x8001'4e57    0x30  Code  Gb  zf_qtimer.o [1]
qtimer_quad_get         0x8001'4e27    0x30  Code  Gb  zf_qtimer.o [1]
qtimer_quad_init        0x8001'4d85    0xa2  Code  Gb  zf_qtimer.o [1]
read_ch                 0x8000'ac31    0x7c  Code  Gb  SEEKFREE_IIC.o [1]
readyinring_nd          0x2002'7852     0x2  Data  Gb  RING.o [1]
readyinring_st          0x2002'7850     0x2  Data  Gb  RING.o [1]
receive                 0x2005'e45c     0x4  Data  Gb  SEEKFREE_MT9V03X.o [1]
receive_num             0x2005'e460     0x1  Data  Gb  SEEKFREE_MT9V03X.o [1]
recordMode              0x2004'ebdc     0x4  Data  Gb  SCANCALCULATE.o [1]
recordNum               0x2002'7808     0x4  Data  Gb  isr.o [1]
recording               0x2004'ebe8     0x4  Data  Gb  SCANCALCULATE.o [1]
relation                0x2002'71dc     0x4  Data  Gb  DIRCIRCLE.o [1]
rightSpeedInt           0x2006'24d0     0x4  Data  Gb  SPEEDCIRCLE.o [1]
ringProcess             0x8000'9eb5    0xce  Code  Gb  RING.o [1]
ring_int                0x8000'9e57    0x5e  Code  Gb  RING.o [1]
ringflag_nd             0x2002'7855     0x1  Data  Gb  RING.o [1]
ringflag_st             0x2002'7854     0x1  Data  Gb  RING.o [1]
ringjudge_st            0x8000'9e11    0x46  Code  Gb  RING.o [1]
ringstate               0x2002'7858     0x1  Data  Gb  RING.o [1]
roadMode                0x2002'7804     0x4  Data  Gb  isr.o [1]
ruku                    0x8000'775d   0x170  Code  Gb  GARAGE.o [1]
ruku::banmaxian         0x2002'74fc   0x180  Data  Lc  GARAGE.o [1]
ruku::banmaxian_b       0x2002'767c   0x180  Data  Lc  GARAGE.o [1]
rukuFlag                0x2002'74f2     0x1  Data  Gb  GARAGE.o [1]
s_EDMAHandle            0x2002'7338    0x80  Data  Lc  fsl_edma.o [1]
s_ENETHandle            0x2002'73b8     0x8  Data  Lc  fsl_enet.o [1]
s_FlexioCameraDevice    0x2006'2504    0x1c  Data  Lc  zf_camera.o [1]
s_LpuartAdapterBase     0x8000'18fc    0x24  Data  Lc  lpuart_adapter.o [1]
s_adcBases              0x8000'0a3c     0xc  Data  Lc  fsl_adc.o [1]
s_adcClocks             0x8000'0a48     0x8  Data  Lc  fsl_adc.o [1]
s_cdcVcom               0x2006'2544    0x10  Data  Gb  zf_usb_cdc.o [1]
s_csiBases              0x8000'0bec     0x4  Data  Lc  fsl_csi.o [1]
s_csiClocks             0x8001'7346     0x2  Data  Lc  fsl_csi.o [1]
s_csiHandle             0x2002'7310     0x4  Data  Lc  fsl_csi.o [1]
s_csiIRQ                0x8001'7348     0x2  Data  Lc  fsl_csi.o [1]
s_csiIsr                0x2002'7314     0x4  Data  Lc  fsl_csi.o [1]
s_debugConsoleState     0x2002'7318    0x1c  Data  Lc  fsl_debug_console.o [1]
s_enetBases             0x8000'0da8     0xc  Data  Lc  fsl_enet.o [1]
s_enetErrIsr            0x2002'73c8     0x4  Data  Lc  fsl_enet.o [1]
s_enetRxIsr             0x2002'73c4     0x4  Data  Lc  fsl_enet.o [1]
s_enetTsIsr             0x2002'73cc     0x4  Data  Lc  fsl_enet.o [1]
s_enetTxIsr             0x2002'73c0     0x4  Data  Lc  fsl_enet.o [1]
s_flexcanHandle         0x2002'73d0    0x10  Data  Lc  fsl_flexcan.o [1]
s_flexcanIsr            0x2002'73e0     0x4  Data  Lc  fsl_flexcan.o [1]
s_flexioHandle          0x2002'73e4     0x8  Data  Lc  fsl_flexio.o [1]
s_flexioIsr             0x2002'73f4     0x8  Data  Lc  fsl_flexio.o [1]
s_flexioType            0x2002'73ec     0x8  Data  Lc  fsl_flexio.o [1]
s_gpioBases             0x8000'0f40    0x28  Data  Lc  fsl_gpio.o [1]
s_gpioClock             0x8000'0f68     0xc  Data  Lc  fsl_gpio.o [1]
s_gptBases              0x8000'10dc     0xc  Data  Lc  fsl_gpt.o [1]
s_gptClocks             0x8000'10e8     0x8  Data  Lc  fsl_gpt.o [1]
s_lpi2cMasterHandle     0x2002'7400    0x14  Data  Lc  fsl_lpi2c.o [1]
s_lpi2cMasterIsr        0x2002'73fc     0x4  Data  Lc  fsl_lpi2c.o [1]
s_lpi2cSlaveHandle      0x2002'7418    0x14  Data  Lc  fsl_lpi2c.o [1]
s_lpi2cSlaveIsr         0x2002'7414     0x4  Data  Lc  fsl_lpi2c.o [1]
s_lpspiHandle           0x2002'742c    0x14  Data  Lc  fsl_lpspi.o [1]
s_lpspiMasterIsr        0x2002'7440     0x4  Data  Lc  fsl_lpspi.o [1]
s_lpspiSlaveIsr         0x2002'7444     0x4  Data  Lc  fsl_lpspi.o [1]
s_lpuartBases           0x8000'12f8    0x24  Data  Lc  fsl_lpuart.o [1]
s_lpuartClock           0x8000'1330    0x14  Data  Lc  fsl_lpuart.o [1]
s_lpuartHandle          0x2002'7448    0x24  Data  Lc  fsl_lpuart.o [1]
s_lpuartIRQ             0x8000'131c    0x14  Data  Lc  fsl_lpuart.o [1]
s_lpuartIsr             0x2002'746c     0x4  Data  Lc  fsl_lpuart.o [1]
s_pitBases              0x8000'1438     0x4  Data  Lc  fsl_pit.o [1]
s_pitClocks             0x8001'734a     0x2  Data  Lc  fsl_pit.o [1]
s_pwmBases              0x8000'15b4    0x14  Data  Lc  fsl_pwm.o [1]
s_pwmClocks             0x8000'15c8    0x28  Data  Lc  fsl_pwm.o [1]
s_qtmrBases             0x8000'16e8    0x14  Data  Lc  fsl_qtmr.o [1]
s_qtmrClocks            0x8000'16fc     0xc  Data  Lc  fsl_qtmr.o [1]
s_saiHandle             0x2002'7470    0x20  Data  Lc  fsl_sai.o [1]
s_saiRxIsr              0x2002'7494     0x4  Data  Lc  fsl_sai.o [1]
s_saiTxIsr              0x2002'7490     0x4  Data  Lc  fsl_sai.o [1]
s_sdInsertedFlag        0x2002'74cc     0x1  Data  Lc  fsl_sdmmc_host.o [1]
s_spdifHandle           0x2002'74d0     0x8  Data  Gb  fsl_spdif.o [1]
s_spdifRxIsr            0x2002'74dc     0x4  Data  Lc  fsl_spdif.o [1]
s_spdifTxIsr            0x2002'74d8     0x4  Data  Lc  fsl_spdif.o [1]
s_usdhcBase             0x8000'17fc     0xc  Data  Lc  fsl_usdhc.o [1]
s_usdhcHandle           0x2002'74e0     0xc  Data  Lc  fsl_usdhc.o [1]
s_usdhcIsr              0x2002'74ec     0x4  Data  Lc  fsl_usdhc.o [1]
scalbln                 0x8001'6339          Code  Gb  ldexp.o [3]
scalblnl                0x8001'6339          Code  Gb  ldexp.o [3]
scalbn                  0x8001'6339          Code  Gb  ldexp.o [3]
scalbnl                 0x8001'6339          Code  Gb  ldexp.o [3]
scale                   0x8001'6b3b    0x46  Code  Lc  xprintffull_nomb.o [2]
scc8660_image           0x2006'2558  0x9600  Data  Gb  SEEKFREE_SCC8660.o [1]
scc8660_vsync           0x8000'bbf5    0x14  Code  Gb  SEEKFREE_SCC8660.o [1]
sccb_waitack            0x8000'ab91    0x58  Code  Lc  SEEKFREE_IIC.o [1]
scroll_status           0x8000'a79b    0x8a  Code  Gb  SCANCALCULATE.o [1]
sec_hand                0x2006'2554     0x4  Data  Lc  xfail_s.o [2]
send_ch                 0x8000'abe9    0x48  Code  Gb  SEEKFREE_IIC.o [1]
servo                   0x2001'd4c0  0x9c40  Data  Gb  SCANCALCULATE.o [1]
servo_tem               0x2002'785c  0x9c40  Data  Gb  SCANCALCULATE.o [1]
setLeftSpeed_L          0x2006'24c4     0x4  Data  Gb  SPEEDCIRCLE.o [1]
setRightSpeed_L         0x2006'24c8     0x4  Data  Gb  SPEEDCIRCLE.o [1]
setSpeed                0x8000'c1fd    0xf6  Code  Gb  SPEEDCIRCLE.o [1]
set_config              0x8000'aed9    0x7e  Code  Gb  SEEKFREE_MT9V03X.o [1]
shrink                  0x2002'721c     0x4  Data  Gb  SCANCALCULATE.o [1]
simiic_delay            0x8000'aad9    0x10  Code  Gb  SEEKFREE_IIC.o [1]
simiic_delay_time       0x2002'7228     0x2  Data  Lc  SEEKFREE_IIC.o [1]
simiic_init             0x8000'ad87    0x20  Code  Gb  SEEKFREE_IIC.o [1]
simiic_read_reg         0x8000'acd7    0x4a  Code  Gb  SEEKFREE_IIC.o [1]
simiic_read_regs        0x8000'ad21    0x66  Code  Gb  SEEKFREE_IIC.o [1]
simiic_sendack          0x8000'ab4d    0x44  Code  Gb  SEEKFREE_IIC.o [1]
simiic_start            0x8000'aaf1    0x2c  Code  Gb  SEEKFREE_IIC.o [1]
simiic_stop             0x8000'ab1d    0x30  Code  Gb  SEEKFREE_IIC.o [1]
simiic_write_reg        0x8000'acad    0x2a  Code  Gb  SEEKFREE_IIC.o [1]
sp                      0x2002'72b0     0x4  Data  Gb  ALLINIT.o [1]
speedK                  0x2002'71e0     0x4  Data  Gb  isr.o [1]
speedStatus             0x2003'149c  0x9c40  Data  Gb  SCANCALCULATE.o [1]
speedStatusInt          0x2002'7208     0x4  Data  Gb  SCANCALCULATE.o [1]
sqrt                    0x8001'5431          Code  Gb  sqrt.o [3]
sqrtl                   0x8001'5431          Code  Gb  sqrt.o [3]
static_d                0x2002'71d4     0x4  Data  Gb  ALLINIT.o [1]
static_p                0x2002'71d0     0x4  Data  Gb  ALLINIT.o [1]
status                  0x2000'0000  0x9c40  Data  Gb  SCANCALCULATE.o [1]
statusAdjust            0x8000'9a29   0x1ee  Code  Gb  OLED.o [1]
statusAdjustMode        0x2002'7848     0x4  Data  Gb  OLED.o [1]
statusAdjust_show       0x8000'994d    0x88  Code  Gb  OLED.o [1]
statusShow              0x8000'9c1d    0x2a  Code  Gb  OLED.o [1]
statusShrink            0x8000'a107    0x8e  Code  Gb  SCANCALCULATE.o [1]
statusZero              0x8000'a6b7    0x54  Code  Gb  SCANCALCULATE.o [1]
status_tem              0x2004'4f9c  0x9c40  Data  Gb  SCANCALCULATE.o [1]
strchr                  0x8001'7331          Code  Gb  strchr.o [4]
strlen                  0x8001'57dd          Code  Gb  strlen.o [4]
systick_delay           0x8001'4f4b    0x36  Code  Gb  zf_systick.o [1]
systick_delay_ms        0x8001'4f81    0x24  Code  Gb  zf_systick.o [1]
th                      0x2002'722f     0x1  Data  Gb  GARAGE.o [1]
turnFlag                0x2002'72d4     0x4  Data  Gb  DIRCIRCLE.o [1]
uart_init               0x8001'5307    0x6e  Code  Gb  zf_uart.o [1]
uart_iomuxc             0x8001'4fb9   0x34e  Code  Gb  zf_uart.o [1]
uart_putbuff            0x8001'5375    0x1c  Code  Gb  zf_uart.o [1]
uart_receive_flag       0x2005'e461     0x1  Data  Gb  SEEKFREE_MT9V03X.o [1]
uart_rx_irq             0x8001'5391    0x36  Code  Gb  zf_uart.o [1]
uart_set_handle         0x8001'53c7    0x3c  Code  Gb  zf_uart.o [1]
waveScan_Camara         0x8000'aac1    0x16  Code  Gb  SCANCALCULATE.o [1]
waveScan_status         0x8000'a931    0x1e  Code  Gb  SCANCALCULATE.o [1]
zf_sprintf              0x8000'b8b9   0x316  Code  Gb  SEEKFREE_PRINTF.o [1]


[1] = C:\Users\a1876\Desktop\RT1064_TEN_DAYS\Project\IAR\program\nor_sdram_zf_dtcm\Obj
[2] = dl7M_tln.a
[3] = m7M_tlv.a
[4] = rt7M_tl.a
[5] = shb_l.a

    1 276 bytes of readonly  code memory
   86 584 bytes of readwrite code memory
   88 709 bytes of readonly  data memory
  453 507 bytes of readwrite data memory

Errors: none
Warnings: none
